#
# There is insufficient memory for the Java Runtime Environment to continue.
# Native memory allocation (malloc) failed to allocate 364816 bytes. Error detail: Chunk::new
# Possible reasons:
#   The system is out of physical RAM or swap space
#   This process is running with CompressedOops enabled, and the Java Heap may be blocking the growth of the native heap
# Possible solutions:
#   Reduce memory load on the system
#   Increase physical memory or swap space
#   Check if swap backing store is full
#   Decrease Java heap size (-Xmx/-Xms)
#   Decrease number of Java threads
#   Decrease Java thread stack sizes (-Xss)
#   Set larger code cache with -XX:ReservedCodeCacheSize=
#   JVM is running with Unscaled Compressed Oops mode in which the Java heap is
#     placed in the first 4GB address space. The Java Heap base address is the
#     maximum limit for the native heap growth. Please use -XX:HeapBaseMinAddress
#     to set the Java Heap base and to place the Java Heap above 4GB virtual address.
# This output file may be truncated or incomplete.
#
#  Out of Memory Error (arena.cpp:168), pid=17304, tid=18624
#
# JRE version: OpenJDK Runtime Environment Temurin-21.0.12.1+1 (21.0.12.1+1) (build 21.0.12.1+1-LTS)
# Java VM: OpenJDK 64-Bit Server VM Temurin-21.0.12.1+1 (21.0.12.1+1-LTS, mixed mode, sharing, tiered, compressed oops, compressed class ptrs, g1 gc, windows-amd64)
# No core dump will be written. Minidumps are not enabled by default on client versions of Windows
#

---------------  S U M M A R Y ------------

Command Line: --add-opens=java.base/java.lang=ALL-UNNAMED --add-opens=java.base/java.lang.invoke=ALL-UNNAMED --add-opens=java.base/java.util=ALL-UNNAMED --add-opens=java.prefs/java.util.prefs=ALL-UNNAMED --add-exports=jdk.compiler/com.sun.tools.javac.api=ALL-UNNAMED --add-exports=jdk.compiler/com.sun.tools.javac.util=ALL-UNNAMED --add-opens=java.base/java.nio.charset=ALL-UNNAMED --add-opens=java.base/java.net=ALL-UNNAMED --add-opens=java.base/java.util.concurrent=ALL-UNNAMED --add-opens=java.base/java.util.concurrent.atomic=ALL-UNNAMED --add-opens=java.xml/javax.xml.namespace=ALL-UNNAMED --add-opens=java.base/java.time=ALL-UNNAMED -XX:MaxMetaspaceSize=384m -XX:+HeapDumpOnOutOfMemoryError -Xms256m -Xmx512m -Dfile.encoding=UTF-8 -Duser.country=CO -Duser.language=es -Duser.variant -javaagent:C:\Users\USUARIO\.gradle\wrapper\dists\gradle-9.7.1-bin\1w1c7tv4s851m17nbqdsro2tv\gradle-9.7.1\lib\agents\gradle-instrumentation-agent-9.7.1.jar org.gradle.launcher.daemon.bootstrap.GradleDaemon 9.7.1

Host: Intel(R) Core(TM) i3-5005U CPU @ 2.00GHz, 4 cores, 7G,  Windows 10 , 64 bit Build 19041 (10.0.19041.3636)
Time: Wed Sep 30 20:30:53 2026 Hora est. Pacífico, Sudamérica elapsed time: 336.324258 seconds (0d 0h 5m 36s)

---------------  T H R E A D  ---------------

Current thread (0x000002036d828720):  JavaThread "C2 CompilerThread0" daemon [_thread_in_native, id=18624, stack(0x000000b370900000,0x000000b370a00000) (1024K)]


Current CompileTask:
C2:336324 3731       4       java.lang.invoke.LambdaFormBuffer::endEdit (313 bytes)

Stack: [0x000000b370900000,0x000000b370a00000]
Native frames: (J=compiled Java code, j=interpreted, Vv=VM code, C=native code)
V  [jvm.dll+0x6d83e9]
V  [jvm.dll+0x8b5736]
V  [jvm.dll+0x8b7cee]
V  [jvm.dll+0x8b83d3]
V  [jvm.dll+0x284596]
V  [jvm.dll+0xc685d]
V  [jvm.dll+0xc6da1]
V  [jvm.dll+0x3bf151]
V  [jvm.dll+0x38b6d2]
V  [jvm.dll+0x38ab1a]
V  [jvm.dll+0x24c700]
V  [jvm.dll+0x24bce0]
V  [jvm.dll+0x1cb4ae]
V  [jvm.dll+0x25baad]
V  [jvm.dll+0x25a03a]
V  [jvm.dll+0x3f8aae]
V  [jvm.dll+0x8600cd]
V  [jvm.dll+0x6d6c1d]
C  [ucrtbase.dll+0x21bb2]
C  [KERNEL32.DLL+0x17344]
C  [ntdll.dll+0x526b1]


---------------  P R O C E S S  ---------------

Threads class SMR info:
_java_thread_list=0x00000203741bd070, length=31, elements={
0x0000020356510ee0, 0x000002036d822e20, 0x000002036d823cf0, 0x000002036d825a70,
0x000002036d8264d0, 0x000002036d826f30, 0x000002036d827990, 0x000002036d828720,
0x000002036d82a1d0, 0x000002036da55fe0, 0x000002036da81880, 0x0000020372594780,
0x000002037252d900, 0x00000203734bc220, 0x0000020373e64460, 0x0000020373e638d0,
0x000002037392d280, 0x0000020373d09fe0, 0x0000020373adf720, 0x0000020373ade370,
0x0000020373addce0, 0x0000020373adea00, 0x0000020373adcfc0, 0x0000020373adfdb0,
0x0000020373adf090, 0x0000020375992940, 0x00000203759901e0, 0x000002037598f4c0,
0x00000203759922b0, 0x0000020375994380, 0x0000020375990870
}

Java Threads: ( => current thread )
  0x0000020356510ee0 JavaThread "main"                              [_thread_blocked, id=18228, stack(0x000000b36fb00000,0x000000b36fc00000) (1024K)]
  0x000002036d822e20 JavaThread "Reference Handler"          daemon [_thread_blocked, id=18600, stack(0x000000b370300000,0x000000b370400000) (1024K)]
  0x000002036d823cf0 JavaThread "Finalizer"                  daemon [_thread_blocked, id=18604, stack(0x000000b370400000,0x000000b370500000) (1024K)]
  0x000002036d825a70 JavaThread "Signal Dispatcher"          daemon [_thread_blocked, id=18608, stack(0x000000b370500000,0x000000b370600000) (1024K)]
  0x000002036d8264d0 JavaThread "Attach Listener"            daemon [_thread_blocked, id=18612, stack(0x000000b370600000,0x000000b370700000) (1024K)]
  0x000002036d826f30 JavaThread "Service Thread"             daemon [_thread_blocked, id=18616, stack(0x000000b370700000,0x000000b370800000) (1024K)]
  0x000002036d827990 JavaThread "Monitor Deflation Thread"   daemon [_thread_blocked, id=18620, stack(0x000000b370800000,0x000000b370900000) (1024K)]
=>0x000002036d828720 JavaThread "C2 CompilerThread0"         daemon [_thread_in_native, id=18624, stack(0x000000b370900000,0x000000b370a00000) (1024K)]
  0x000002036d82a1d0 JavaThread "C1 CompilerThread0"         daemon [_thread_blocked, id=18656, stack(0x000000b370a00000,0x000000b370b00000) (1024K)]
  0x000002036da55fe0 JavaThread "Common-Cleaner"             daemon [_thread_blocked, id=18976, stack(0x000000b370b00000,0x000000b370c00000) (1024K)]
  0x000002036da81880 JavaThread "Notification Thread"        daemon [_thread_blocked, id=19000, stack(0x000000b370c00000,0x000000b370d00000) (1024K)]
  0x0000020372594780 JavaThread "Daemon health stats"               [_thread_blocked, id=21248, stack(0x000000b36fa00000,0x000000b36fb00000) (1024K)]
  0x000002037252d900 JavaThread "Incoming local TCP Connector on port 56700"        [_thread_in_native, id=10800, stack(0x000000b371100000,0x000000b371200000) (1024K)]
  0x00000203734bc220 JavaThread "Daemon periodic checks"            [_thread_blocked, id=20420, stack(0x000000b371200000,0x000000b371300000) (1024K)]
  0x0000020373e64460 JavaThread "Daemon"                            [_thread_blocked, id=15548, stack(0x000000b371300000,0x000000b371400000) (1024K)]
  0x0000020373e638d0 JavaThread "Handler for socket connection from /127.0.0.1:56700 to /127.0.0.1:56706"        [_thread_in_native, id=12684, stack(0x000000b371400000,0x000000b371500000) (1024K)]
  0x000002037392d280 JavaThread "Cancel handler"                    [_thread_blocked, id=6124, stack(0x000000b371500000,0x000000b371600000) (1024K)]
  0x0000020373d09fe0 JavaThread "Daemon worker"                     [_thread_in_Java, id=6868, stack(0x000000b371600000,0x000000b371700000) (1024K)]
  0x0000020373adf720 JavaThread "Asynchronous log dispatcher for DefaultDaemonConnection: socket connection from /127.0.0.1:56700 to /127.0.0.1:56706"        [_thread_blocked, id=20236, stack(0x000000b371700000,0x000000b371800000) (1024K)]
  0x0000020373ade370 JavaThread "Stdin handler"                     [_thread_blocked, id=17820, stack(0x000000b371800000,0x000000b371900000) (1024K)]
  0x0000020373addce0 JavaThread "Daemon client event forwarder"        [_thread_blocked, id=13520, stack(0x000000b371900000,0x000000b371a00000) (1024K)]
  0x0000020373adea00 JavaThread "Cache worker for journal cache (C:\Users\USUARIO\.gradle\caches\journal-1)"        [_thread_blocked, id=3008, stack(0x000000b371a00000,0x000000b371b00000) (1024K)]
  0x0000020373adcfc0 JavaThread "File lock request listener"        [_thread_in_native, id=11984, stack(0x000000b371b00000,0x000000b371c00000) (1024K)]
  0x0000020373adfdb0 JavaThread "Cache worker for file hash cache (C:\Users\USUARIO\.gradle\caches\9.7.1\fileHashes)"        [_thread_blocked, id=21932, stack(0x000000b36f900000,0x000000b36fa00000) (1024K)]
  0x0000020373adf090 JavaThread "Cache worker for file hash cache (C:\Users\USUARIO\Proyecto-Programacion-Avanzada-20262\CompuParts\ProyectoAvanzada-CompuParts\.gradle\9.7.1\fileHashes)"        [_thread_blocked, id=22016, stack(0x000000b371000000,0x000000b371100000) (1024K)]
  0x0000020375992940 JavaThread "File lock release action executor Thread 2"        [_thread_blocked, id=19088, stack(0x000000b371c00000,0x000000b371d00000) (1024K)]
  0x00000203759901e0 JavaThread "Cache worker for Build Output Cleanup Cache (C:\Users\USUARIO\Proyecto-Programacion-Avanzada-20262\CompuParts\ProyectoAvanzada-CompuParts\.gradle\buildOutputCleanup)"        [_thread_blocked, id=20784, stack(0x000000b371d00000,0x000000b371e00000) (1024K)]
  0x000002037598f4c0 JavaThread "File watcher server"        daemon [_thread_in_native, id=6552, stack(0x000000b371f00000,0x000000b372000000) (1024K)]
  0x00000203759922b0 JavaThread "File watcher consumer"      daemon [_thread_blocked, id=18216, stack(0x000000b372000000,0x000000b372100000) (1024K)]
  0x0000020375994380 JavaThread "Cache worker for file content cache (C:\Users\USUARIO\.gradle\caches\9.7.1\fileContent)"        [_thread_blocked, id=11284, stack(0x000000b372100000,0x000000b372200000) (1024K)]
  0x0000020375990870 JavaThread "Cache worker for checksums cache (C:\Users\USUARIO\Proyecto-Programacion-Avanzada-20262\CompuParts\ProyectoAvanzada-CompuParts\.gradle\9.7.1\checksums)"        [_thread_blocked, id=6012, stack(0x000000b372200000,0x000000b372300000) (1024K)]
Total: 31

Other Threads:
  0x000002036d809cb0 VMThread "VM Thread"                           [id=18488, stack(0x000000b370200000,0x000000b370300000) (1024K)]
  0x000002036d7f8920 WatcherThread "VM Periodic Task Thread"        [id=18472, stack(0x000000b370100000,0x000000b370200000) (1024K)]
  0x00000203587233b0 WorkerThread "GC Thread#0"                     [id=17816, stack(0x000000b36fc00000,0x000000b36fd00000) (1024K)]
  0x000002036d8b1060 WorkerThread "GC Thread#1"                     [id=5156, stack(0x000000b370d00000,0x000000b370e00000) (1024K)]
  0x0000020372155c70 WorkerThread "GC Thread#2"                     [id=9072, stack(0x000000b370e00000,0x000000b370f00000) (1024K)]
  0x0000020372156020 WorkerThread "GC Thread#3"                     [id=13508, stack(0x000000b370f00000,0x000000b371000000) (1024K)]
  0x00000203587292b0 ConcurrentGCThread "G1 Main Marker"            [id=17940, stack(0x000000b36fd00000,0x000000b36fe00000) (1024K)]
  0x000002035872a680 WorkerThread "G1 Conc#0"                       [id=10372, stack(0x000000b36fe00000,0x000000b36ff00000) (1024K)]
  0x00000203587ceaa0 ConcurrentGCThread "G1 Refine#0"               [id=17932, stack(0x000000b36ff00000,0x000000b370000000) (1024K)]
  0x000002036d6cb6c0 ConcurrentGCThread "G1 Service"                [id=18276, stack(0x000000b370000000,0x000000b370100000) (1024K)]
Total: 10

Threads with active compile tasks:
C2 CompilerThread0  336394 3731       4       java.lang.invoke.LambdaFormBuffer::endEdit (313 bytes)
Total: 1

VM state: not at safepoint (normal execution)

VM Mutex/Monitor currently owned by a thread: None

Heap address: 0x00000000e0000000, size: 512 MB, Compressed Oops mode: 32-bit

CDS archive(s) mapped at: [0x0000020300000000-0x0000020300ba0000-0x0000020300ba0000), size 12189696, SharedBaseAddress: 0x0000020300000000, ArchiveRelocationMode: 1.
Compressed class space mapped at: 0x0000020301000000-0x0000020315000000, reserved size: 335544320
Narrow klass base: 0x0000020300000000, Narrow klass shift: 0, Narrow klass range: 0x100000000

GC Precious Log:
 CardTable entry size: 512
 Card Set container configuration: InlinePtr #cards 5 size 8 Array Of Cards #cards 12 size 40 Howl #buckets 4 coarsen threshold 1843 Howl Bitmap #cards 512 size 80 coarsen threshold 460 Card regions per heap region 1 cards per card region 2048
 CPUs: 4 total, 4 available
 Memory: 8107M
 Large Page Support: Disabled
 NUMA Support: Disabled
 Compressed Oops: Enabled (32-bit)
 Heap Region Size: 1M
 Heap Min Capacity: 256M
 Heap Initial Capacity: 256M
 Heap Max Capacity: 512M
 Pre-touch: Disabled
 Parallel Workers: 4
 Concurrent Workers: 1
 Concurrent Refinement Workers: 4
 Periodic GC: Disabled

Heap:
 garbage-first heap   total 262144K, used 83567K [0x00000000e0000000, 0x0000000100000000)
  region size 1024K, 61 young (62464K), 3 survivors (3072K)
 Metaspace       used 28112K, committed 29184K, reserved 393216K
  class space    used 4190K, committed 4736K, reserved 327680K

Heap Regions: E=young(eden), S=young(survivor), O=old, HS=humongous(starts), HC=humongous(continues), CS=collection set, F=free, TAMS=top-at-mark-start, PB=parsable bottom
|   0|0x00000000e0000000, 0x00000000e0100000, 0x00000000e0100000|100%| O|  |TAMS 0x00000000e0000000| PB 0x00000000e0000000| Untracked 
|   1|0x00000000e0100000, 0x00000000e0200000, 0x00000000e0200000|100%|HS|  |TAMS 0x00000000e0100000| PB 0x00000000e0100000| Complete 
|   2|0x00000000e0200000, 0x00000000e0300000, 0x00000000e0300000|100%|HC|  |TAMS 0x00000000e0200000| PB 0x00000000e0200000| Complete 
|   3|0x00000000e0300000, 0x00000000e0400000, 0x00000000e0400000|100%|HC|  |TAMS 0x00000000e0300000| PB 0x00000000e0300000| Complete 
|   4|0x00000000e0400000, 0x00000000e0500000, 0x00000000e0500000|100%|HC|  |TAMS 0x00000000e0400000| PB 0x00000000e0400000| Complete 
|   5|0x00000000e0500000, 0x00000000e0600000, 0x00000000e0600000|100%| O|  |TAMS 0x00000000e0500000| PB 0x00000000e0500000| Untracked 
|   6|0x00000000e0600000, 0x00000000e0700000, 0x00000000e0700000|100%| O|  |TAMS 0x00000000e0600000| PB 0x00000000e0600000| Untracked 
|   7|0x00000000e0700000, 0x00000000e0800000, 0x00000000e0800000|100%| O|  |TAMS 0x00000000e0700000| PB 0x00000000e0700000| Untracked 
|   8|0x00000000e0800000, 0x00000000e0900000, 0x00000000e0900000|100%| O|  |TAMS 0x00000000e0800000| PB 0x00000000e0800000| Untracked 
|   9|0x00000000e0900000, 0x00000000e0a00000, 0x00000000e0a00000|100%|HS|  |TAMS 0x00000000e0900000| PB 0x00000000e0900000| Complete 
|  10|0x00000000e0a00000, 0x00000000e0b00000, 0x00000000e0b00000|100%| O|  |TAMS 0x00000000e0a00000| PB 0x00000000e0a00000| Untracked 
|  11|0x00000000e0b00000, 0x00000000e0c00000, 0x00000000e0c00000|100%| O|  |TAMS 0x00000000e0b00000| PB 0x00000000e0b00000| Untracked 
|  12|0x00000000e0c00000, 0x00000000e0d00000, 0x00000000e0d00000|100%| O|  |TAMS 0x00000000e0c00000| PB 0x00000000e0c00000| Untracked 
|  13|0x00000000e0d00000, 0x00000000e0e00000, 0x00000000e0e00000|100%| O|Cm|TAMS 0x00000000e0d00000| PB 0x00000000e0d00000| Complete 
|  14|0x00000000e0e00000, 0x00000000e0f00000, 0x00000000e0f00000|100%| O|  |TAMS 0x00000000e0e00000| PB 0x00000000e0e00000| Untracked 
|  15|0x00000000e0f00000, 0x00000000e1000000, 0x00000000e1000000|100%| O|  |TAMS 0x00000000e0f00000| PB 0x00000000e0f00000| Untracked 
|  16|0x00000000e1000000, 0x00000000e1100000, 0x00000000e1100000|100%| O|  |TAMS 0x00000000e1000000| PB 0x00000000e1000000| Untracked 
|  17|0x00000000e1100000, 0x00000000e1200000, 0x00000000e1200000|100%| O|  |TAMS 0x00000000e1100000| PB 0x00000000e1100000| Untracked 
|  18|0x00000000e1200000, 0x00000000e1300000, 0x00000000e1300000|100%| O|  |TAMS 0x00000000e1200000| PB 0x00000000e1200000| Untracked 
|  19|0x00000000e1300000, 0x00000000e1400000, 0x00000000e1400000|100%| O|  |TAMS 0x00000000e1300000| PB 0x00000000e1300000| Untracked 
|  20|0x00000000e1400000, 0x00000000e1500000, 0x00000000e1500000|100%| O|  |TAMS 0x00000000e1400000| PB 0x00000000e1400000| Untracked 
|  21|0x00000000e1500000, 0x00000000e1600000, 0x00000000e1600000|100%| O|  |TAMS 0x00000000e1500000| PB 0x00000000e1500000| Untracked 
|  22|0x00000000e1600000, 0x00000000e1600000, 0x00000000e1700000|  0%| F|  |TAMS 0x00000000e1600000| PB 0x00000000e1600000| Untracked 
|  23|0x00000000e1700000, 0x00000000e1700000, 0x00000000e1800000|  0%| F|  |TAMS 0x00000000e1700000| PB 0x00000000e1700000| Untracked 
|  24|0x00000000e1800000, 0x00000000e1800000, 0x00000000e1900000|  0%| F|  |TAMS 0x00000000e1800000| PB 0x00000000e1800000| Untracked 
|  25|0x00000000e1900000, 0x00000000e1900000, 0x00000000e1a00000|  0%| F|  |TAMS 0x00000000e1900000| PB 0x00000000e1900000| Untracked 
|  26|0x00000000e1a00000, 0x00000000e1a00000, 0x00000000e1b00000|  0%| F|  |TAMS 0x00000000e1a00000| PB 0x00000000e1a00000| Untracked 
|  27|0x00000000e1b00000, 0x00000000e1b00000, 0x00000000e1c00000|  0%| F|  |TAMS 0x00000000e1b00000| PB 0x00000000e1b00000| Untracked 
|  28|0x00000000e1c00000, 0x00000000e1c00000, 0x00000000e1d00000|  0%| F|  |TAMS 0x00000000e1c00000| PB 0x00000000e1c00000| Untracked 
|  29|0x00000000e1d00000, 0x00000000e1d00000, 0x00000000e1e00000|  0%| F|  |TAMS 0x00000000e1d00000| PB 0x00000000e1d00000| Untracked 
|  30|0x00000000e1e00000, 0x00000000e1e00000, 0x00000000e1f00000|  0%| F|  |TAMS 0x00000000e1e00000| PB 0x00000000e1e00000| Untracked 
|  31|0x00000000e1f00000, 0x00000000e1f00000, 0x00000000e2000000|  0%| F|  |TAMS 0x00000000e1f00000| PB 0x00000000e1f00000| Untracked 
|  32|0x00000000e2000000, 0x00000000e2000000, 0x00000000e2100000|  0%| F|  |TAMS 0x00000000e2000000| PB 0x00000000e2000000| Untracked 
|  33|0x00000000e2100000, 0x00000000e2100000, 0x00000000e2200000|  0%| F|  |TAMS 0x00000000e2100000| PB 0x00000000e2100000| Untracked 
|  34|0x00000000e2200000, 0x00000000e2200000, 0x00000000e2300000|  0%| F|  |TAMS 0x00000000e2200000| PB 0x00000000e2200000| Untracked 
|  35|0x00000000e2300000, 0x00000000e2300000, 0x00000000e2400000|  0%| F|  |TAMS 0x00000000e2300000| PB 0x00000000e2300000| Untracked 
|  36|0x00000000e2400000, 0x00000000e2400000, 0x00000000e2500000|  0%| F|  |TAMS 0x00000000e2400000| PB 0x00000000e2400000| Untracked 
|  37|0x00000000e2500000, 0x00000000e2500000, 0x00000000e2600000|  0%| F|  |TAMS 0x00000000e2500000| PB 0x00000000e2500000| Untracked 
|  38|0x00000000e2600000, 0x00000000e2600000, 0x00000000e2700000|  0%| F|  |TAMS 0x00000000e2600000| PB 0x00000000e2600000| Untracked 
|  39|0x00000000e2700000, 0x00000000e2700000, 0x00000000e2800000|  0%| F|  |TAMS 0x00000000e2700000| PB 0x00000000e2700000| Untracked 
|  40|0x00000000e2800000, 0x00000000e2800000, 0x00000000e2900000|  0%| F|  |TAMS 0x00000000e2800000| PB 0x00000000e2800000| Untracked 
|  41|0x00000000e2900000, 0x00000000e2900000, 0x00000000e2a00000|  0%| F|  |TAMS 0x00000000e2900000| PB 0x00000000e2900000| Untracked 
|  42|0x00000000e2a00000, 0x00000000e2a00000, 0x00000000e2b00000|  0%| F|  |TAMS 0x00000000e2a00000| PB 0x00000000e2a00000| Untracked 
|  43|0x00000000e2b00000, 0x00000000e2b00000, 0x00000000e2c00000|  0%| F|  |TAMS 0x00000000e2b00000| PB 0x00000000e2b00000| Untracked 
|  44|0x00000000e2c00000, 0x00000000e2c00000, 0x00000000e2d00000|  0%| F|  |TAMS 0x00000000e2c00000| PB 0x00000000e2c00000| Untracked 
|  45|0x00000000e2d00000, 0x00000000e2d00000, 0x00000000e2e00000|  0%| F|  |TAMS 0x00000000e2d00000| PB 0x00000000e2d00000| Untracked 
|  46|0x00000000e2e00000, 0x00000000e2e00000, 0x00000000e2f00000|  0%| F|  |TAMS 0x00000000e2e00000| PB 0x00000000e2e00000| Untracked 
|  47|0x00000000e2f00000, 0x00000000e2f00000, 0x00000000e3000000|  0%| F|  |TAMS 0x00000000e2f00000| PB 0x00000000e2f00000| Untracked 
|  48|0x00000000e3000000, 0x00000000e3000000, 0x00000000e3100000|  0%| F|  |TAMS 0x00000000e3000000| PB 0x00000000e3000000| Untracked 
|  49|0x00000000e3100000, 0x00000000e3100000, 0x00000000e3200000|  0%| F|  |TAMS 0x00000000e3100000| PB 0x00000000e3100000| Untracked 
|  50|0x00000000e3200000, 0x00000000e3200000, 0x00000000e3300000|  0%| F|  |TAMS 0x00000000e3200000| PB 0x00000000e3200000| Untracked 
|  51|0x00000000e3300000, 0x00000000e3300000, 0x00000000e3400000|  0%| F|  |TAMS 0x00000000e3300000| PB 0x00000000e3300000| Untracked 
|  52|0x00000000e3400000, 0x00000000e3400000, 0x00000000e3500000|  0%| F|  |TAMS 0x00000000e3400000| PB 0x00000000e3400000| Untracked 
|  53|0x00000000e3500000, 0x00000000e3500000, 0x00000000e3600000|  0%| F|  |TAMS 0x00000000e3500000| PB 0x00000000e3500000| Untracked 
|  54|0x00000000e3600000, 0x00000000e3600000, 0x00000000e3700000|  0%| F|  |TAMS 0x00000000e3600000| PB 0x00000000e3600000| Untracked 
|  55|0x00000000e3700000, 0x00000000e3700000, 0x00000000e3800000|  0%| F|  |TAMS 0x00000000e3700000| PB 0x00000000e3700000| Untracked 
|  56|0x00000000e3800000, 0x00000000e3800000, 0x00000000e3900000|  0%| F|  |TAMS 0x00000000e3800000| PB 0x00000000e3800000| Untracked 
|  57|0x00000000e3900000, 0x00000000e3900000, 0x00000000e3a00000|  0%| F|  |TAMS 0x00000000e3900000| PB 0x00000000e3900000| Untracked 
|  58|0x00000000e3a00000, 0x00000000e3a00000, 0x00000000e3b00000|  0%| F|  |TAMS 0x00000000e3a00000| PB 0x00000000e3a00000| Untracked 
|  59|0x00000000e3b00000, 0x00000000e3b00000, 0x00000000e3c00000|  0%| F|  |TAMS 0x00000000e3b00000| PB 0x00000000e3b00000| Untracked 
|  60|0x00000000e3c00000, 0x00000000e3c00000, 0x00000000e3d00000|  0%| F|  |TAMS 0x00000000e3c00000| PB 0x00000000e3c00000| Untracked 
|  61|0x00000000e3d00000, 0x00000000e3d00000, 0x00000000e3e00000|  0%| F|  |TAMS 0x00000000e3d00000| PB 0x00000000e3d00000| Untracked 
|  62|0x00000000e3e00000, 0x00000000e3e00000, 0x00000000e3f00000|  0%| F|  |TAMS 0x00000000e3e00000| PB 0x00000000e3e00000| Untracked 
|  63|0x00000000e3f00000, 0x00000000e3f00000, 0x00000000e4000000|  0%| F|  |TAMS 0x00000000e3f00000| PB 0x00000000e3f00000| Untracked 
|  64|0x00000000e4000000, 0x00000000e4000000, 0x00000000e4100000|  0%| F|  |TAMS 0x00000000e4000000| PB 0x00000000e4000000| Untracked 
|  65|0x00000000e4100000, 0x00000000e4100000, 0x00000000e4200000|  0%| F|  |TAMS 0x00000000e4100000| PB 0x00000000e4100000| Untracked 
|  66|0x00000000e4200000, 0x00000000e4200000, 0x00000000e4300000|  0%| F|  |TAMS 0x00000000e4200000| PB 0x00000000e4200000| Untracked 
|  67|0x00000000e4300000, 0x00000000e4300000, 0x00000000e4400000|  0%| F|  |TAMS 0x00000000e4300000| PB 0x00000000e4300000| Untracked 
|  68|0x00000000e4400000, 0x00000000e4400000, 0x00000000e4500000|  0%| F|  |TAMS 0x00000000e4400000| PB 0x00000000e4400000| Untracked 
|  69|0x00000000e4500000, 0x00000000e4500000, 0x00000000e4600000|  0%| F|  |TAMS 0x00000000e4500000| PB 0x00000000e4500000| Untracked 
|  70|0x00000000e4600000, 0x00000000e4600000, 0x00000000e4700000|  0%| F|  |TAMS 0x00000000e4600000| PB 0x00000000e4600000| Untracked 
|  71|0x00000000e4700000, 0x00000000e4700000, 0x00000000e4800000|  0%| F|  |TAMS 0x00000000e4700000| PB 0x00000000e4700000| Untracked 
|  72|0x00000000e4800000, 0x00000000e4800000, 0x00000000e4900000|  0%| F|  |TAMS 0x00000000e4800000| PB 0x00000000e4800000| Untracked 
|  73|0x00000000e4900000, 0x00000000e4900000, 0x00000000e4a00000|  0%| F|  |TAMS 0x00000000e4900000| PB 0x00000000e4900000| Untracked 
|  74|0x00000000e4a00000, 0x00000000e4a00000, 0x00000000e4b00000|  0%| F|  |TAMS 0x00000000e4a00000| PB 0x00000000e4a00000| Untracked 
|  75|0x00000000e4b00000, 0x00000000e4b00000, 0x00000000e4c00000|  0%| F|  |TAMS 0x00000000e4b00000| PB 0x00000000e4b00000| Untracked 
|  76|0x00000000e4c00000, 0x00000000e4c00000, 0x00000000e4d00000|  0%| F|  |TAMS 0x00000000e4c00000| PB 0x00000000e4c00000| Untracked 
|  77|0x00000000e4d00000, 0x00000000e4d00000, 0x00000000e4e00000|  0%| F|  |TAMS 0x00000000e4d00000| PB 0x00000000e4d00000| Untracked 
|  78|0x00000000e4e00000, 0x00000000e4e00000, 0x00000000e4f00000|  0%| F|  |TAMS 0x00000000e4e00000| PB 0x00000000e4e00000| Untracked 
|  79|0x00000000e4f00000, 0x00000000e4f00000, 0x00000000e5000000|  0%| F|  |TAMS 0x00000000e4f00000| PB 0x00000000e4f00000| Untracked 
|  80|0x00000000e5000000, 0x00000000e5000000, 0x00000000e5100000|  0%| F|  |TAMS 0x00000000e5000000| PB 0x00000000e5000000| Untracked 
|  81|0x00000000e5100000, 0x00000000e5100000, 0x00000000e5200000|  0%| F|  |TAMS 0x00000000e5100000| PB 0x00000000e5100000| Untracked 
|  82|0x00000000e5200000, 0x00000000e5200000, 0x00000000e5300000|  0%| F|  |TAMS 0x00000000e5200000| PB 0x00000000e5200000| Untracked 
|  83|0x00000000e5300000, 0x00000000e5300000, 0x00000000e5400000|  0%| F|  |TAMS 0x00000000e5300000| PB 0x00000000e5300000| Untracked 
|  84|0x00000000e5400000, 0x00000000e5400000, 0x00000000e5500000|  0%| F|  |TAMS 0x00000000e5400000| PB 0x00000000e5400000| Untracked 
|  85|0x00000000e5500000, 0x00000000e5500000, 0x00000000e5600000|  0%| F|  |TAMS 0x00000000e5500000| PB 0x00000000e5500000| Untracked 
|  86|0x00000000e5600000, 0x00000000e5600000, 0x00000000e5700000|  0%| F|  |TAMS 0x00000000e5600000| PB 0x00000000e5600000| Untracked 
|  87|0x00000000e5700000, 0x00000000e5700000, 0x00000000e5800000|  0%| F|  |TAMS 0x00000000e5700000| PB 0x00000000e5700000| Untracked 
|  88|0x00000000e5800000, 0x00000000e5800000, 0x00000000e5900000|  0%| F|  |TAMS 0x00000000e5800000| PB 0x00000000e5800000| Untracked 
|  89|0x00000000e5900000, 0x00000000e5900000, 0x00000000e5a00000|  0%| F|  |TAMS 0x00000000e5900000| PB 0x00000000e5900000| Untracked 
|  90|0x00000000e5a00000, 0x00000000e5a00000, 0x00000000e5b00000|  0%| F|  |TAMS 0x00000000e5a00000| PB 0x00000000e5a00000| Untracked 
|  91|0x00000000e5b00000, 0x00000000e5b00000, 0x00000000e5c00000|  0%| F|  |TAMS 0x00000000e5b00000| PB 0x00000000e5b00000| Untracked 
|  92|0x00000000e5c00000, 0x00000000e5c00000, 0x00000000e5d00000|  0%| F|  |TAMS 0x00000000e5c00000| PB 0x00000000e5c00000| Untracked 
|  93|0x00000000e5d00000, 0x00000000e5d00000, 0x00000000e5e00000|  0%| F|  |TAMS 0x00000000e5d00000| PB 0x00000000e5d00000| Untracked 
|  94|0x00000000e5e00000, 0x00000000e5e00000, 0x00000000e5f00000|  0%| F|  |TAMS 0x00000000e5e00000| PB 0x00000000e5e00000| Untracked 
|  95|0x00000000e5f00000, 0x00000000e5f00000, 0x00000000e6000000|  0%| F|  |TAMS 0x00000000e5f00000| PB 0x00000000e5f00000| Untracked 
|  96|0x00000000e6000000, 0x00000000e6000000, 0x00000000e6100000|  0%| F|  |TAMS 0x00000000e6000000| PB 0x00000000e6000000| Untracked 
|  97|0x00000000e6100000, 0x00000000e6100000, 0x00000000e6200000|  0%| F|  |TAMS 0x00000000e6100000| PB 0x00000000e6100000| Untracked 
|  98|0x00000000e6200000, 0x00000000e6200000, 0x00000000e6300000|  0%| F|  |TAMS 0x00000000e6200000| PB 0x00000000e6200000| Untracked 
|  99|0x00000000e6300000, 0x00000000e6300000, 0x00000000e6400000|  0%| F|  |TAMS 0x00000000e6300000| PB 0x00000000e6300000| Untracked 
| 100|0x00000000e6400000, 0x00000000e6400000, 0x00000000e6500000|  0%| F|  |TAMS 0x00000000e6400000| PB 0x00000000e6400000| Untracked 
| 101|0x00000000e6500000, 0x00000000e6500000, 0x00000000e6600000|  0%| F|  |TAMS 0x00000000e6500000| PB 0x00000000e6500000| Untracked 
| 102|0x00000000e6600000, 0x00000000e6600000, 0x00000000e6700000|  0%| F|  |TAMS 0x00000000e6600000| PB 0x00000000e6600000| Untracked 
| 103|0x00000000e6700000, 0x00000000e6700000, 0x00000000e6800000|  0%| F|  |TAMS 0x00000000e6700000| PB 0x00000000e6700000| Untracked 
| 104|0x00000000e6800000, 0x00000000e6800000, 0x00000000e6900000|  0%| F|  |TAMS 0x00000000e6800000| PB 0x00000000e6800000| Untracked 
| 105|0x00000000e6900000, 0x00000000e6900000, 0x00000000e6a00000|  0%| F|  |TAMS 0x00000000e6900000| PB 0x00000000e6900000| Untracked 
| 106|0x00000000e6a00000, 0x00000000e6a00000, 0x00000000e6b00000|  0%| F|  |TAMS 0x00000000e6a00000| PB 0x00000000e6a00000| Untracked 
| 107|0x00000000e6b00000, 0x00000000e6b00000, 0x00000000e6c00000|  0%| F|  |TAMS 0x00000000e6b00000| PB 0x00000000e6b00000| Untracked 
| 108|0x00000000e6c00000, 0x00000000e6c00000, 0x00000000e6d00000|  0%| F|  |TAMS 0x00000000e6c00000| PB 0x00000000e6c00000| Untracked 
| 109|0x00000000e6d00000, 0x00000000e6d00000, 0x00000000e6e00000|  0%| F|  |TAMS 0x00000000e6d00000| PB 0x00000000e6d00000| Untracked 
| 110|0x00000000e6e00000, 0x00000000e6e00000, 0x00000000e6f00000|  0%| F|  |TAMS 0x00000000e6e00000| PB 0x00000000e6e00000| Untracked 
| 111|0x00000000e6f00000, 0x00000000e6f00000, 0x00000000e7000000|  0%| F|  |TAMS 0x00000000e6f00000| PB 0x00000000e6f00000| Untracked 
| 112|0x00000000e7000000, 0x00000000e7000000, 0x00000000e7100000|  0%| F|  |TAMS 0x00000000e7000000| PB 0x00000000e7000000| Untracked 
| 113|0x00000000e7100000, 0x00000000e7100000, 0x00000000e7200000|  0%| F|  |TAMS 0x00000000e7100000| PB 0x00000000e7100000| Untracked 
| 114|0x00000000e7200000, 0x00000000e7200000, 0x00000000e7300000|  0%| F|  |TAMS 0x00000000e7200000| PB 0x00000000e7200000| Untracked 
| 115|0x00000000e7300000, 0x00000000e7300000, 0x00000000e7400000|  0%| F|  |TAMS 0x00000000e7300000| PB 0x00000000e7300000| Untracked 
| 116|0x00000000e7400000, 0x00000000e7400000, 0x00000000e7500000|  0%| F|  |TAMS 0x00000000e7400000| PB 0x00000000e7400000| Untracked 
| 117|0x00000000e7500000, 0x00000000e7500000, 0x00000000e7600000|  0%| F|  |TAMS 0x00000000e7500000| PB 0x00000000e7500000| Untracked 
| 118|0x00000000e7600000, 0x00000000e7600000, 0x00000000e7700000|  0%| F|  |TAMS 0x00000000e7600000| PB 0x00000000e7600000| Untracked 
| 119|0x00000000e7700000, 0x00000000e7700000, 0x00000000e7800000|  0%| F|  |TAMS 0x00000000e7700000| PB 0x00000000e7700000| Untracked 
| 120|0x00000000e7800000, 0x00000000e7800000, 0x00000000e7900000|  0%| F|  |TAMS 0x00000000e7800000| PB 0x00000000e7800000| Untracked 
| 121|0x00000000e7900000, 0x00000000e7900000, 0x00000000e7a00000|  0%| F|  |TAMS 0x00000000e7900000| PB 0x00000000e7900000| Untracked 
| 122|0x00000000e7a00000, 0x00000000e7a00000, 0x00000000e7b00000|  0%| F|  |TAMS 0x00000000e7a00000| PB 0x00000000e7a00000| Untracked 
| 123|0x00000000e7b00000, 0x00000000e7b00000, 0x00000000e7c00000|  0%| F|  |TAMS 0x00000000e7b00000| PB 0x00000000e7b00000| Untracked 
| 124|0x00000000e7c00000, 0x00000000e7c00000, 0x00000000e7d00000|  0%| F|  |TAMS 0x00000000e7c00000| PB 0x00000000e7c00000| Untracked 
| 125|0x00000000e7d00000, 0x00000000e7d00000, 0x00000000e7e00000|  0%| F|  |TAMS 0x00000000e7d00000| PB 0x00000000e7d00000| Untracked 
| 126|0x00000000e7e00000, 0x00000000e7e00000, 0x00000000e7f00000|  0%| F|  |TAMS 0x00000000e7e00000| PB 0x00000000e7e00000| Untracked 
| 127|0x00000000e7f00000, 0x00000000e7f00000, 0x00000000e8000000|  0%| F|  |TAMS 0x00000000e7f00000| PB 0x00000000e7f00000| Untracked 
| 128|0x00000000e8000000, 0x00000000e8000000, 0x00000000e8100000|  0%| F|  |TAMS 0x00000000e8000000| PB 0x00000000e8000000| Untracked 
| 129|0x00000000e8100000, 0x00000000e8100000, 0x00000000e8200000|  0%| F|  |TAMS 0x00000000e8100000| PB 0x00000000e8100000| Untracked 
| 130|0x00000000e8200000, 0x00000000e8200000, 0x00000000e8300000|  0%| F|  |TAMS 0x00000000e8200000| PB 0x00000000e8200000| Untracked 
| 131|0x00000000e8300000, 0x00000000e8300000, 0x00000000e8400000|  0%| F|  |TAMS 0x00000000e8300000| PB 0x00000000e8300000| Untracked 
| 132|0x00000000e8400000, 0x00000000e8400000, 0x00000000e8500000|  0%| F|  |TAMS 0x00000000e8400000| PB 0x00000000e8400000| Untracked 
| 133|0x00000000e8500000, 0x00000000e8500000, 0x00000000e8600000|  0%| F|  |TAMS 0x00000000e8500000| PB 0x00000000e8500000| Untracked 
| 134|0x00000000e8600000, 0x00000000e8600000, 0x00000000e8700000|  0%| F|  |TAMS 0x00000000e8600000| PB 0x00000000e8600000| Untracked 
| 135|0x00000000e8700000, 0x00000000e8700000, 0x00000000e8800000|  0%| F|  |TAMS 0x00000000e8700000| PB 0x00000000e8700000| Untracked 
| 136|0x00000000e8800000, 0x00000000e8800000, 0x00000000e8900000|  0%| F|  |TAMS 0x00000000e8800000| PB 0x00000000e8800000| Untracked 
| 137|0x00000000e8900000, 0x00000000e8900000, 0x00000000e8a00000|  0%| F|  |TAMS 0x00000000e8900000| PB 0x00000000e8900000| Untracked 
| 138|0x00000000e8a00000, 0x00000000e8a00000, 0x00000000e8b00000|  0%| F|  |TAMS 0x00000000e8a00000| PB 0x00000000e8a00000| Untracked 
| 139|0x00000000e8b00000, 0x00000000e8b00000, 0x00000000e8c00000|  0%| F|  |TAMS 0x00000000e8b00000| PB 0x00000000e8b00000| Untracked 
| 140|0x00000000e8c00000, 0x00000000e8c00000, 0x00000000e8d00000|  0%| F|  |TAMS 0x00000000e8c00000| PB 0x00000000e8c00000| Untracked 
| 141|0x00000000e8d00000, 0x00000000e8d00000, 0x00000000e8e00000|  0%| F|  |TAMS 0x00000000e8d00000| PB 0x00000000e8d00000| Untracked 
| 142|0x00000000e8e00000, 0x00000000e8e00000, 0x00000000e8f00000|  0%| F|  |TAMS 0x00000000e8e00000| PB 0x00000000e8e00000| Untracked 
| 143|0x00000000e8f00000, 0x00000000e8f00000, 0x00000000e9000000|  0%| F|  |TAMS 0x00000000e8f00000| PB 0x00000000e8f00000| Untracked 
| 144|0x00000000e9000000, 0x00000000e9000000, 0x00000000e9100000|  0%| F|  |TAMS 0x00000000e9000000| PB 0x00000000e9000000| Untracked 
| 145|0x00000000e9100000, 0x00000000e9100000, 0x00000000e9200000|  0%| F|  |TAMS 0x00000000e9100000| PB 0x00000000e9100000| Untracked 
| 146|0x00000000e9200000, 0x00000000e9200000, 0x00000000e9300000|  0%| F|  |TAMS 0x00000000e9200000| PB 0x00000000e9200000| Untracked 
| 147|0x00000000e9300000, 0x00000000e9300000, 0x00000000e9400000|  0%| F|  |TAMS 0x00000000e9300000| PB 0x00000000e9300000| Untracked 
| 148|0x00000000e9400000, 0x00000000e9400000, 0x00000000e9500000|  0%| F|  |TAMS 0x00000000e9400000| PB 0x00000000e9400000| Untracked 
| 149|0x00000000e9500000, 0x00000000e9500000, 0x00000000e9600000|  0%| F|  |TAMS 0x00000000e9500000| PB 0x00000000e9500000| Untracked 
| 150|0x00000000e9600000, 0x00000000e9600000, 0x00000000e9700000|  0%| F|  |TAMS 0x00000000e9600000| PB 0x00000000e9600000| Untracked 
| 151|0x00000000e9700000, 0x00000000e9700000, 0x00000000e9800000|  0%| F|  |TAMS 0x00000000e9700000| PB 0x00000000e9700000| Untracked 
| 152|0x00000000e9800000, 0x00000000e9800000, 0x00000000e9900000|  0%| F|  |TAMS 0x00000000e9800000| PB 0x00000000e9800000| Untracked 
| 153|0x00000000e9900000, 0x00000000e9900000, 0x00000000e9a00000|  0%| F|  |TAMS 0x00000000e9900000| PB 0x00000000e9900000| Untracked 
| 154|0x00000000e9a00000, 0x00000000e9a00000, 0x00000000e9b00000|  0%| F|  |TAMS 0x00000000e9a00000| PB 0x00000000e9a00000| Untracked 
| 155|0x00000000e9b00000, 0x00000000e9b00000, 0x00000000e9c00000|  0%| F|  |TAMS 0x00000000e9b00000| PB 0x00000000e9b00000| Untracked 
| 156|0x00000000e9c00000, 0x00000000e9c00000, 0x00000000e9d00000|  0%| F|  |TAMS 0x00000000e9c00000| PB 0x00000000e9c00000| Untracked 
| 157|0x00000000e9d00000, 0x00000000e9d00000, 0x00000000e9e00000|  0%| F|  |TAMS 0x00000000e9d00000| PB 0x00000000e9d00000| Untracked 
| 158|0x00000000e9e00000, 0x00000000e9e00000, 0x00000000e9f00000|  0%| F|  |TAMS 0x00000000e9e00000| PB 0x00000000e9e00000| Untracked 
| 159|0x00000000e9f00000, 0x00000000e9f00000, 0x00000000ea000000|  0%| F|  |TAMS 0x00000000e9f00000| PB 0x00000000e9f00000| Untracked 
| 160|0x00000000ea000000, 0x00000000ea000000, 0x00000000ea100000|  0%| F|  |TAMS 0x00000000ea000000| PB 0x00000000ea000000| Untracked 
| 161|0x00000000ea100000, 0x00000000ea100000, 0x00000000ea200000|  0%| F|  |TAMS 0x00000000ea100000| PB 0x00000000ea100000| Untracked 
| 162|0x00000000ea200000, 0x00000000ea200000, 0x00000000ea300000|  0%| F|  |TAMS 0x00000000ea200000| PB 0x00000000ea200000| Untracked 
| 163|0x00000000ea300000, 0x00000000ea300000, 0x00000000ea400000|  0%| F|  |TAMS 0x00000000ea300000| PB 0x00000000ea300000| Untracked 
| 164|0x00000000ea400000, 0x00000000ea400000, 0x00000000ea500000|  0%| F|  |TAMS 0x00000000ea400000| PB 0x00000000ea400000| Untracked 
| 165|0x00000000ea500000, 0x00000000ea500000, 0x00000000ea600000|  0%| F|  |TAMS 0x00000000ea500000| PB 0x00000000ea500000| Untracked 
| 166|0x00000000ea600000, 0x00000000ea600000, 0x00000000ea700000|  0%| F|  |TAMS 0x00000000ea600000| PB 0x00000000ea600000| Untracked 
| 167|0x00000000ea700000, 0x00000000ea700000, 0x00000000ea800000|  0%| F|  |TAMS 0x00000000ea700000| PB 0x00000000ea700000| Untracked 
| 168|0x00000000ea800000, 0x00000000ea800000, 0x00000000ea900000|  0%| F|  |TAMS 0x00000000ea800000| PB 0x00000000ea800000| Untracked 
| 169|0x00000000ea900000, 0x00000000ea900000, 0x00000000eaa00000|  0%| F|  |TAMS 0x00000000ea900000| PB 0x00000000ea900000| Untracked 
| 170|0x00000000eaa00000, 0x00000000eaa00000, 0x00000000eab00000|  0%| F|  |TAMS 0x00000000eaa00000| PB 0x00000000eaa00000| Untracked 
| 171|0x00000000eab00000, 0x00000000eab00000, 0x00000000eac00000|  0%| F|  |TAMS 0x00000000eab00000| PB 0x00000000eab00000| Untracked 
| 172|0x00000000eac00000, 0x00000000eac00000, 0x00000000ead00000|  0%| F|  |TAMS 0x00000000eac00000| PB 0x00000000eac00000| Untracked 
| 173|0x00000000ead00000, 0x00000000ead00000, 0x00000000eae00000|  0%| F|  |TAMS 0x00000000ead00000| PB 0x00000000ead00000| Untracked 
| 174|0x00000000eae00000, 0x00000000eae00000, 0x00000000eaf00000|  0%| F|  |TAMS 0x00000000eae00000| PB 0x00000000eae00000| Untracked 
| 175|0x00000000eaf00000, 0x00000000eaf00000, 0x00000000eb000000|  0%| F|  |TAMS 0x00000000eaf00000| PB 0x00000000eaf00000| Untracked 
| 176|0x00000000eb000000, 0x00000000eb000000, 0x00000000eb100000|  0%| F|  |TAMS 0x00000000eb000000| PB 0x00000000eb000000| Untracked 
| 177|0x00000000eb100000, 0x00000000eb100000, 0x00000000eb200000|  0%| F|  |TAMS 0x00000000eb100000| PB 0x00000000eb100000| Untracked 
| 178|0x00000000eb200000, 0x00000000eb200000, 0x00000000eb300000|  0%| F|  |TAMS 0x00000000eb200000| PB 0x00000000eb200000| Untracked 
| 179|0x00000000eb300000, 0x00000000eb300000, 0x00000000eb400000|  0%| F|  |TAMS 0x00000000eb300000| PB 0x00000000eb300000| Untracked 
| 180|0x00000000eb400000, 0x00000000eb400000, 0x00000000eb500000|  0%| F|  |TAMS 0x00000000eb400000| PB 0x00000000eb400000| Untracked 
| 181|0x00000000eb500000, 0x00000000eb500000, 0x00000000eb600000|  0%| F|  |TAMS 0x00000000eb500000| PB 0x00000000eb500000| Untracked 
| 182|0x00000000eb600000, 0x00000000eb600000, 0x00000000eb700000|  0%| F|  |TAMS 0x00000000eb600000| PB 0x00000000eb600000| Untracked 
| 183|0x00000000eb700000, 0x00000000eb700000, 0x00000000eb800000|  0%| F|  |TAMS 0x00000000eb700000| PB 0x00000000eb700000| Untracked 
| 184|0x00000000eb800000, 0x00000000eb800000, 0x00000000eb900000|  0%| F|  |TAMS 0x00000000eb800000| PB 0x00000000eb800000| Untracked 
| 185|0x00000000eb900000, 0x00000000eb900000, 0x00000000eba00000|  0%| F|  |TAMS 0x00000000eb900000| PB 0x00000000eb900000| Untracked 
| 186|0x00000000eba00000, 0x00000000eba00000, 0x00000000ebb00000|  0%| F|  |TAMS 0x00000000eba00000| PB 0x00000000eba00000| Untracked 
| 187|0x00000000ebb00000, 0x00000000ebb00000, 0x00000000ebc00000|  0%| F|  |TAMS 0x00000000ebb00000| PB 0x00000000ebb00000| Untracked 
| 188|0x00000000ebc00000, 0x00000000ebc00000, 0x00000000ebd00000|  0%| F|  |TAMS 0x00000000ebc00000| PB 0x00000000ebc00000| Untracked 
| 189|0x00000000ebd00000, 0x00000000ebd00000, 0x00000000ebe00000|  0%| F|  |TAMS 0x00000000ebd00000| PB 0x00000000ebd00000| Untracked 
| 190|0x00000000ebe00000, 0x00000000ebe00000, 0x00000000ebf00000|  0%| F|  |TAMS 0x00000000ebe00000| PB 0x00000000ebe00000| Untracked 
| 191|0x00000000ebf00000, 0x00000000ebf00000, 0x00000000ec000000|  0%| F|  |TAMS 0x00000000ebf00000| PB 0x00000000ebf00000| Untracked 
| 192|0x00000000ec000000, 0x00000000ec000000, 0x00000000ec100000|  0%| F|  |TAMS 0x00000000ec000000| PB 0x00000000ec000000| Untracked 
| 193|0x00000000ec100000, 0x00000000ec100000, 0x00000000ec200000|  0%| F|  |TAMS 0x00000000ec100000| PB 0x00000000ec100000| Untracked 
| 194|0x00000000ec200000, 0x00000000ec200000, 0x00000000ec300000|  0%| F|  |TAMS 0x00000000ec200000| PB 0x00000000ec200000| Untracked 
| 195|0x00000000ec300000, 0x00000000ec380000, 0x00000000ec400000| 50%| E|  |TAMS 0x00000000ec300000| PB 0x00000000ec300000| Complete 
| 196|0x00000000ec400000, 0x00000000ec500000, 0x00000000ec500000|100%| E|CS|TAMS 0x00000000ec400000| PB 0x00000000ec400000| Complete 
| 197|0x00000000ec500000, 0x00000000ec600000, 0x00000000ec600000|100%| E|CS|TAMS 0x00000000ec500000| PB 0x00000000ec500000| Complete 
| 198|0x00000000ec600000, 0x00000000ec700000, 0x00000000ec700000|100%| E|CS|TAMS 0x00000000ec600000| PB 0x00000000ec600000| Complete 
| 199|0x00000000ec700000, 0x00000000ec800000, 0x00000000ec800000|100%| E|CS|TAMS 0x00000000ec700000| PB 0x00000000ec700000| Complete 
| 200|0x00000000ec800000, 0x00000000ec900000, 0x00000000ec900000|100%| E|CS|TAMS 0x00000000ec800000| PB 0x00000000ec800000| Complete 
| 201|0x00000000ec900000, 0x00000000eca00000, 0x00000000eca00000|100%| E|CS|TAMS 0x00000000ec900000| PB 0x00000000ec900000| Complete 
| 202|0x00000000eca00000, 0x00000000ecb00000, 0x00000000ecb00000|100%| E|CS|TAMS 0x00000000eca00000| PB 0x00000000eca00000| Complete 
| 203|0x00000000ecb00000, 0x00000000ecc00000, 0x00000000ecc00000|100%| E|CS|TAMS 0x00000000ecb00000| PB 0x00000000ecb00000| Complete 
| 204|0x00000000ecc00000, 0x00000000ecd00000, 0x00000000ecd00000|100%| E|CS|TAMS 0x00000000ecc00000| PB 0x00000000ecc00000| Complete 
| 205|0x00000000ecd00000, 0x00000000ece00000, 0x00000000ece00000|100%| E|CS|TAMS 0x00000000ecd00000| PB 0x00000000ecd00000| Complete 
| 206|0x00000000ece00000, 0x00000000ecf00000, 0x00000000ecf00000|100%| E|CS|TAMS 0x00000000ece00000| PB 0x00000000ece00000| Complete 
| 207|0x00000000ecf00000, 0x00000000ed000000, 0x00000000ed000000|100%| E|CS|TAMS 0x00000000ecf00000| PB 0x00000000ecf00000| Complete 
| 208|0x00000000ed000000, 0x00000000ed100000, 0x00000000ed100000|100%| E|CS|TAMS 0x00000000ed000000| PB 0x00000000ed000000| Complete 
| 209|0x00000000ed100000, 0x00000000ed200000, 0x00000000ed200000|100%| E|CS|TAMS 0x00000000ed100000| PB 0x00000000ed100000| Complete 
| 210|0x00000000ed200000, 0x00000000ed300000, 0x00000000ed300000|100%| E|CS|TAMS 0x00000000ed200000| PB 0x00000000ed200000| Complete 
| 211|0x00000000ed300000, 0x00000000ed400000, 0x00000000ed400000|100%| E|CS|TAMS 0x00000000ed300000| PB 0x00000000ed300000| Complete 
| 212|0x00000000ed400000, 0x00000000ed500000, 0x00000000ed500000|100%| E|CS|TAMS 0x00000000ed400000| PB 0x00000000ed400000| Complete 
| 213|0x00000000ed500000, 0x00000000ed600000, 0x00000000ed600000|100%| E|CS|TAMS 0x00000000ed500000| PB 0x00000000ed500000| Complete 
| 214|0x00000000ed600000, 0x00000000ed700000, 0x00000000ed700000|100%| E|CS|TAMS 0x00000000ed600000| PB 0x00000000ed600000| Complete 
| 215|0x00000000ed700000, 0x00000000ed800000, 0x00000000ed800000|100%| E|CS|TAMS 0x00000000ed700000| PB 0x00000000ed700000| Complete 
| 216|0x00000000ed800000, 0x00000000ed900000, 0x00000000ed900000|100%| E|CS|TAMS 0x00000000ed800000| PB 0x00000000ed800000| Complete 
| 217|0x00000000ed900000, 0x00000000eda00000, 0x00000000eda00000|100%| E|CS|TAMS 0x00000000ed900000| PB 0x00000000ed900000| Complete 
| 218|0x00000000eda00000, 0x00000000edb00000, 0x00000000edb00000|100%| E|CS|TAMS 0x00000000eda00000| PB 0x00000000eda00000| Complete 
| 219|0x00000000edb00000, 0x00000000edc00000, 0x00000000edc00000|100%| E|CS|TAMS 0x00000000edb00000| PB 0x00000000edb00000| Complete 
| 220|0x00000000edc00000, 0x00000000edd00000, 0x00000000edd00000|100%| E|CS|TAMS 0x00000000edc00000| PB 0x00000000edc00000| Complete 
| 221|0x00000000edd00000, 0x00000000edd9bc10, 0x00000000ede00000| 60%| S|CS|TAMS 0x00000000edd00000| PB 0x00000000edd00000| Complete 
| 222|0x00000000ede00000, 0x00000000edf00000, 0x00000000edf00000|100%| S|CS|TAMS 0x00000000ede00000| PB 0x00000000ede00000| Complete 
| 223|0x00000000edf00000, 0x00000000ee000000, 0x00000000ee000000|100%| S|CS|TAMS 0x00000000edf00000| PB 0x00000000edf00000| Complete 
| 224|0x00000000ee000000, 0x00000000ee100000, 0x00000000ee100000|100%| E|CS|TAMS 0x00000000ee000000| PB 0x00000000ee000000| Complete 
| 225|0x00000000ee100000, 0x00000000ee200000, 0x00000000ee200000|100%| E|CS|TAMS 0x00000000ee100000| PB 0x00000000ee100000| Complete 
| 226|0x00000000ee200000, 0x00000000ee300000, 0x00000000ee300000|100%| E|CS|TAMS 0x00000000ee200000| PB 0x00000000ee200000| Complete 
| 227|0x00000000ee300000, 0x00000000ee400000, 0x00000000ee400000|100%| E|CS|TAMS 0x00000000ee300000| PB 0x00000000ee300000| Complete 
| 228|0x00000000ee400000, 0x00000000ee500000, 0x00000000ee500000|100%| E|CS|TAMS 0x00000000ee400000| PB 0x00000000ee400000| Complete 
| 229|0x00000000ee500000, 0x00000000ee600000, 0x00000000ee600000|100%| E|CS|TAMS 0x00000000ee500000| PB 0x00000000ee500000| Complete 
| 230|0x00000000ee600000, 0x00000000ee700000, 0x00000000ee700000|100%| E|CS|TAMS 0x00000000ee600000| PB 0x00000000ee600000| Complete 
| 231|0x00000000ee700000, 0x00000000ee800000, 0x00000000ee800000|100%| E|CS|TAMS 0x00000000ee700000| PB 0x00000000ee700000| Complete 
| 232|0x00000000ee800000, 0x00000000ee900000, 0x00000000ee900000|100%| E|CS|TAMS 0x00000000ee800000| PB 0x00000000ee800000| Complete 
| 233|0x00000000ee900000, 0x00000000eea00000, 0x00000000eea00000|100%| E|CS|TAMS 0x00000000ee900000| PB 0x00000000ee900000| Complete 
| 234|0x00000000eea00000, 0x00000000eeb00000, 0x00000000eeb00000|100%| E|CS|TAMS 0x00000000eea00000| PB 0x00000000eea00000| Complete 
| 235|0x00000000eeb00000, 0x00000000eec00000, 0x00000000eec00000|100%| E|CS|TAMS 0x00000000eeb00000| PB 0x00000000eeb00000| Complete 
| 236|0x00000000eec00000, 0x00000000eed00000, 0x00000000eed00000|100%| E|CS|TAMS 0x00000000eec00000| PB 0x00000000eec00000| Complete 
| 237|0x00000000eed00000, 0x00000000eee00000, 0x00000000eee00000|100%| E|CS|TAMS 0x00000000eed00000| PB 0x00000000eed00000| Complete 
| 238|0x00000000eee00000, 0x00000000eef00000, 0x00000000eef00000|100%| E|CS|TAMS 0x00000000eee00000| PB 0x00000000eee00000| Complete 
| 239|0x00000000eef00000, 0x00000000ef000000, 0x00000000ef000000|100%| E|CS|TAMS 0x00000000eef00000| PB 0x00000000eef00000| Complete 
| 240|0x00000000ef000000, 0x00000000ef100000, 0x00000000ef100000|100%| E|CS|TAMS 0x00000000ef000000| PB 0x00000000ef000000| Complete 
| 241|0x00000000ef100000, 0x00000000ef200000, 0x00000000ef200000|100%| E|CS|TAMS 0x00000000ef100000| PB 0x00000000ef100000| Complete 
| 242|0x00000000ef200000, 0x00000000ef300000, 0x00000000ef300000|100%| E|CS|TAMS 0x00000000ef200000| PB 0x00000000ef200000| Complete 
| 243|0x00000000ef300000, 0x00000000ef400000, 0x00000000ef400000|100%| E|CS|TAMS 0x00000000ef300000| PB 0x00000000ef300000| Complete 
| 244|0x00000000ef400000, 0x00000000ef500000, 0x00000000ef500000|100%| E|CS|TAMS 0x00000000ef400000| PB 0x00000000ef400000| Complete 
| 245|0x00000000ef500000, 0x00000000ef600000, 0x00000000ef600000|100%| E|CS|TAMS 0x00000000ef500000| PB 0x00000000ef500000| Complete 
| 246|0x00000000ef600000, 0x00000000ef700000, 0x00000000ef700000|100%| E|CS|TAMS 0x00000000ef600000| PB 0x00000000ef600000| Complete 
| 247|0x00000000ef700000, 0x00000000ef800000, 0x00000000ef800000|100%| E|CS|TAMS 0x00000000ef700000| PB 0x00000000ef700000| Complete 
| 248|0x00000000ef800000, 0x00000000ef900000, 0x00000000ef900000|100%| E|CS|TAMS 0x00000000ef800000| PB 0x00000000ef800000| Complete 
| 249|0x00000000ef900000, 0x00000000efa00000, 0x00000000efa00000|100%| E|CS|TAMS 0x00000000ef900000| PB 0x00000000ef900000| Complete 
| 250|0x00000000efa00000, 0x00000000efb00000, 0x00000000efb00000|100%| E|CS|TAMS 0x00000000efa00000| PB 0x00000000efa00000| Complete 
| 251|0x00000000efb00000, 0x00000000efc00000, 0x00000000efc00000|100%| E|CS|TAMS 0x00000000efb00000| PB 0x00000000efb00000| Complete 
| 252|0x00000000efc00000, 0x00000000efd00000, 0x00000000efd00000|100%| E|CS|TAMS 0x00000000efc00000| PB 0x00000000efc00000| Complete 
| 253|0x00000000efd00000, 0x00000000efe00000, 0x00000000efe00000|100%| E|CS|TAMS 0x00000000efd00000| PB 0x00000000efd00000| Complete 
| 254|0x00000000efe00000, 0x00000000eff00000, 0x00000000eff00000|100%| E|CS|TAMS 0x00000000efe00000| PB 0x00000000efe00000| Complete 
| 255|0x00000000eff00000, 0x00000000f0000000, 0x00000000f0000000|100%| E|CS|TAMS 0x00000000eff00000| PB 0x00000000eff00000| Complete 

Card table byte_map: [0x000002036a910000,0x000002036aa10000] _byte_map_base: 0x000002036a210000

Marking Bits: (CMBitMap*) 0x00000203587249d0
 Bits: [0x000002036aa10000, 0x000002036b210000)

Polling page: 0x00000203564c0000

Metaspace:

Usage:
  Non-class:     23.38 MB used.
      Class:      4.09 MB used.
       Both:     27.48 MB used.

Virtual space:
  Non-class space:       64.00 MB reserved,      23.94 MB ( 37%) committed,  1 nodes.
      Class space:      320.00 MB reserved,       4.62 MB (  1%) committed,  1 nodes.
             Both:      384.00 MB reserved,      28.56 MB (  7%) committed. 

Chunk freelists:
   Non-Class:  7.78 MB
       Class:  11.35 MB
        Both:  19.13 MB

MaxMetaspaceSize: 384.00 MB
CompressedClassSpaceSize: 320.00 MB
Initial GC threshold: 21.00 MB
Current GC threshold: 35.12 MB
CDS: on
 - commit_granule_bytes: 65536.
 - commit_granule_words: 8192.
 - virtual_space_node_default_size: 8388608.
 - enlarge_chunks_in_place: 1.
 - use_allocation_guard: 0.


Internal statistics:

num_allocs_failed_limit: 3.
num_arena_births: 1876.
num_arena_deaths: 0.
num_vsnodes_births: 2.
num_vsnodes_deaths: 0.
num_space_committed: 457.
num_space_uncommitted: 0.
num_chunks_returned_to_freelist: 3.
num_chunks_taken_from_freelist: 3216.
num_chunk_merges: 3.
num_chunk_splits: 2065.
num_chunks_enlarged: 1236.
num_inconsistent_stats: 0.

CodeHeap 'non-profiled nmethods': size=120000Kb used=2021Kb max_used=2021Kb free=117978Kb
 bounds [0x00000203633e0000, 0x0000020363650000, 0x000002036a910000]
CodeHeap 'profiled nmethods': size=120000Kb used=7282Kb max_used=7282Kb free=112717Kb
 bounds [0x000002035b910000, 0x000002035c030000, 0x0000020362e40000]
CodeHeap 'non-nmethods': size=5760Kb used=1438Kb max_used=1459Kb free=4322Kb
 bounds [0x0000020362e40000, 0x00000203630b0000, 0x00000203633e0000]
CodeCache: size=245760Kb, used=10741Kb, max_used=10762Kb, free=235017Kb
 total_blobs=4310, nmethods=3718, adapters=496, full_count=0
Compilation: enabled, stopped_count=0, restarted_count=0

Compilation events (20 events):
Event: 333.000 Thread 0x000002036d828720 nmethod 3715 0x00000203635d5510 code [0x00000203635d56e0, 0x00000203635d5b58]
Event: 333.602 Thread 0x000002036d82a1d0 3720       3       java.lang.invoke.DirectMethodHandle$Holder::invokeStatic (17 bytes)
Event: 333.602 Thread 0x000002036d82a1d0 nmethod 3720 0x000002035c028210 code [0x000002035c0283e0, 0x000002035c028788]
Event: 334.981 Thread 0x000002036d82a1d0 3721       3       java.util.concurrent.ThreadPoolExecutor$Worker::unlock (7 bytes)
Event: 334.981 Thread 0x000002036d82a1d0 nmethod 3721 0x000002035c028890 code [0x000002035c028a60, 0x000002035c028cd0]
Event: 335.303 Thread 0x000002036d82a1d0 3722       3       java.lang.invoke.LambdaForm$DMH/0x00000203011d9c00::invokeStatic (31 bytes)
Event: 335.303 Thread 0x000002036d82a1d0 nmethod 3722 0x000002035c028e10 code [0x000002035c028fe0, 0x000002035c029450]
Event: 335.320 Thread 0x000002036d828720 3723       4       org.objectweb.asm.ByteVector::putUTF8 (144 bytes)
Event: 335.328 Thread 0x000002036d828720 nmethod 3723 0x00000203635d6a10 code [0x00000203635d6be0, 0x00000203635d6fc0]
Event: 335.329 Thread 0x000002036d82a1d0 3724       3       org.objectweb.asm.ByteVector::<init> (13 bytes)
Event: 335.329 Thread 0x000002036d82a1d0 nmethod 3724 0x000002035c029590 code [0x000002035c029740, 0x000002035c0299a0]
Event: 335.333 Thread 0x000002036d82a1d0 3725       1       com.google.common.cache.CacheBuilder::getStatsCounterSupplier (5 bytes)
Event: 335.334 Thread 0x000002036d82a1d0 nmethod 3725 0x00000203635d7310 code [0x00000203635d74a0, 0x00000203635d7568]
Event: 335.357 Thread 0x000002036d82a1d0 3726       3       jdk.internal.reflect.DirectMethodHandleAccessor::methodAccessor (32 bytes)
Event: 335.358 Thread 0x000002036d82a1d0 nmethod 3726 0x000002035c029a90 code [0x000002035c029c40, 0x000002035c029de8]
Event: 335.360 Thread 0x000002036d82a1d0 3728       3       jdk.internal.reflect.MethodHandleAccessorFactory::specializedMethodType (216 bytes)
Event: 335.361 Thread 0x000002036d82a1d0 nmethod 3728 0x000002035c029e90 code [0x000002035c02a220, 0x000002035c02bf98]
Event: 336.180 Thread 0x000002036d828720 3730       4       java.lang.invoke.InvokerBytecodeGenerator::<init> (80 bytes)
Event: 336.240 Thread 0x000002036d828720 nmethod 3730 0x00000203635d7c10 code [0x00000203635d7e60, 0x00000203635d90a8]
Event: 336.241 Thread 0x000002036d828720 3731       4       java.lang.invoke.LambdaFormBuffer::endEdit (313 bytes)

GC Heap History (10 events):
Event: 35.310 GC heap before
{Heap before GC invocations=0 (full 0):
 garbage-first heap   total 262144K, used 12288K [0x00000000e0000000, 0x0000000100000000)
  region size 1024K, 13 young (13312K), 0 survivors (0K)
 Metaspace       used 947K, committed 1024K, reserved 393216K
  class space    used 72K, committed 128K, reserved 327680K
}
Event: 41.929 GC heap after
{Heap after GC invocations=1 (full 0):
 garbage-first heap   total 262144K, used 2596K [0x00000000e0000000, 0x0000000100000000)
  region size 1024K, 2 young (2048K), 2 survivors (2048K)
 Metaspace       used 947K, committed 1024K, reserved 393216K
  class space    used 72K, committed 128K, reserved 327680K
}
Event: 75.977 GC heap before
{Heap before GC invocations=1 (full 0):
 garbage-first heap   total 262144K, used 23076K [0x00000000e0000000, 0x0000000100000000)
  region size 1024K, 19 young (19456K), 2 survivors (2048K)
 Metaspace       used 4288K, committed 4416K, reserved 393216K
  class space    used 555K, committed 640K, reserved 327680K
}
Event: 75.985 GC heap after
{Heap after GC invocations=2 (full 0):
 garbage-first heap   total 262144K, used 12101K [0x00000000e0000000, 0x0000000100000000)
  region size 1024K, 3 young (3072K), 3 survivors (3072K)
 Metaspace       used 4288K, committed 4416K, reserved 393216K
  class space    used 555K, committed 640K, reserved 327680K
}
Event: 90.975 GC heap before
{Heap before GC invocations=2 (full 0):
 garbage-first heap   total 262144K, used 35653K [0x00000000e0000000, 0x0000000100000000)
  region size 1024K, 25 young (25600K), 3 survivors (3072K)
 Metaspace       used 4656K, committed 4864K, reserved 393216K
  class space    used 592K, committed 704K, reserved 327680K
}
Event: 90.980 GC heap after
{Heap after GC invocations=3 (full 0):
 garbage-first heap   total 262144K, used 15423K [0x00000000e0000000, 0x0000000100000000)
  region size 1024K, 2 young (2048K), 2 survivors (2048K)
 Metaspace       used 4656K, committed 4864K, reserved 393216K
  class space    used 592K, committed 704K, reserved 327680K
}
Event: 214.603 GC heap before
{Heap before GC invocations=3 (full 0):
 garbage-first heap   total 262144K, used 96319K [0x00000000e0000000, 0x0000000100000000)
  region size 1024K, 82 young (83968K), 2 survivors (2048K)
 Metaspace       used 16557K, committed 17024K, reserved 393216K
  class space    used 2252K, committed 2496K, reserved 327680K
}
Event: 214.703 GC heap after
{Heap after GC invocations=4 (full 0):
 garbage-first heap   total 262144K, used 22882K [0x00000000e0000000, 0x0000000100000000)
  region size 1024K, 10 young (10240K), 10 survivors (10240K)
 Metaspace       used 16557K, committed 17024K, reserved 393216K
  class space    used 2252K, committed 2496K, reserved 327680K
}
Event: 258.404 GC heap before
{Heap before GC invocations=4 (full 0):
 garbage-first heap   total 262144K, used 54626K [0x00000000e0000000, 0x0000000100000000)
  region size 1024K, 42 young (43008K), 10 survivors (10240K)
 Metaspace       used 20867K, committed 21504K, reserved 393216K
  class space    used 2968K, committed 3264K, reserved 327680K
}
Event: 258.439 GC heap after
{Heap after GC invocations=5 (full 0):
 garbage-first heap   total 262144K, used 25199K [0x00000000e0000000, 0x0000000100000000)
  region size 1024K, 3 young (3072K), 3 survivors (3072K)
 Metaspace       used 20867K, committed 21504K, reserved 393216K
  class space    used 2968K, committed 3264K, reserved 327680K
}

Dll operation events (20 events):
Event: 8.199 Attempting to load shared library C:\Users\USUARIO\.antigravity-ide\extensions\redhat.java-1.56.0-win32-x64\jre\21.0.12.1-win32-x86_64\bin\nio.dll
Event: 8.200 Loaded shared library C:\Users\USUARIO\.antigravity-ide\extensions\redhat.java-1.56.0-win32-x64\jre\21.0.12.1-win32-x86_64\bin\nio.dll
Event: 8.213 Attempting to load shared library C:\Users\USUARIO\.antigravity-ide\extensions\redhat.java-1.56.0-win32-x64\jre\21.0.12.1-win32-x86_64\bin\zip.dll
Event: 8.213 Loaded shared library C:\Users\USUARIO\.antigravity-ide\extensions\redhat.java-1.56.0-win32-x64\jre\21.0.12.1-win32-x86_64\bin\zip.dll
Event: 24.699 Attempting to load shared library C:\Users\USUARIO\.antigravity-ide\extensions\redhat.java-1.56.0-win32-x64\jre\21.0.12.1-win32-x86_64\bin\jimage.dll
Event: 24.699 Loaded shared library C:\Users\USUARIO\.antigravity-ide\extensions\redhat.java-1.56.0-win32-x64\jre\21.0.12.1-win32-x86_64\bin\jimage.dll
Event: 49.955 Attempting to load shared library C:\Users\USUARIO\.antigravity-ide\extensions\redhat.java-1.56.0-win32-x64\jre\21.0.12.1-win32-x86_64\bin\verify.dll
Event: 49.956 Loaded shared library C:\Users\USUARIO\.antigravity-ide\extensions\redhat.java-1.56.0-win32-x64\jre\21.0.12.1-win32-x86_64\bin\verify.dll
Event: 51.939 Attempting to load shared library C:\Users\USUARIO\.gradle\native\660c5614fbf4a5f2a75b1949f50a0caf5cd603558e7d8a26e50b933a0cfb79d1\windows-amd64\native-platform.dll
Event: 51.940 Loaded shared library C:\Users\USUARIO\.gradle\native\660c5614fbf4a5f2a75b1949f50a0caf5cd603558e7d8a26e50b933a0cfb79d1\windows-amd64\native-platform.dll
Event: 52.771 Attempting to load shared library C:\Users\USUARIO\.gradle\native\0.2.8\x86_64-windows-gnu\gradle-fileevents.dll
Event: 52.773 Loaded shared library C:\Users\USUARIO\.gradle\native\0.2.8\x86_64-windows-gnu\gradle-fileevents.dll
Event: 120.253 Attempting to load shared library C:\Users\USUARIO\.antigravity-ide\extensions\redhat.java-1.56.0-win32-x64\jre\21.0.12.1-win32-x86_64\bin\management.dll
Event: 120.254 Loaded shared library C:\Users\USUARIO\.antigravity-ide\extensions\redhat.java-1.56.0-win32-x64\jre\21.0.12.1-win32-x86_64\bin\management.dll
Event: 120.260 Attempting to load shared library C:\Users\USUARIO\.antigravity-ide\extensions\redhat.java-1.56.0-win32-x64\jre\21.0.12.1-win32-x86_64\bin\management_ext.dll
Event: 120.261 Loaded shared library C:\Users\USUARIO\.antigravity-ide\extensions\redhat.java-1.56.0-win32-x64\jre\21.0.12.1-win32-x86_64\bin\management_ext.dll
Event: 129.056 Attempting to load shared library C:\Users\USUARIO\.antigravity-ide\extensions\redhat.java-1.56.0-win32-x64\jre\21.0.12.1-win32-x86_64\bin\extnet.dll
Event: 129.057 Loaded shared library C:\Users\USUARIO\.antigravity-ide\extensions\redhat.java-1.56.0-win32-x64\jre\21.0.12.1-win32-x86_64\bin\extnet.dll
Event: 150.793 Attempting to load shared library C:\Users\USUARIO\.antigravity-ide\extensions\redhat.java-1.56.0-win32-x64\jre\21.0.12.1-win32-x86_64\bin\sunmscapi.dll
Event: 150.798 Loaded shared library C:\Users\USUARIO\.antigravity-ide\extensions\redhat.java-1.56.0-win32-x64\jre\21.0.12.1-win32-x86_64\bin\sunmscapi.dll

Deoptimization events (20 events):
Event: 297.604 Thread 0x0000020373d09fe0 Uncommon trap: trap_request=0xffffff45 fr.pc=0x0000020363591f18 relative=0x00000000000001d8
Event: 297.604 Thread 0x0000020373d09fe0 Uncommon trap: reason=unstable_if action=reinterpret pc=0x0000020363591f18 method=jdk.internal.org.objectweb.asm.Type.getTypeInternal(Ljava/lang/String;II)Ljdk/internal/org/objectweb/asm/Type; @ 5 c2
Event: 297.604 Thread 0x0000020373d09fe0 DEOPT PACKING pc=0x0000020363591f18 sp=0x000000b3716fbce0
Event: 297.604 Thread 0x0000020373d09fe0 DEOPT UNPACKING pc=0x0000020362e94422 sp=0x000000b3716fbc78 mode 2
Event: 301.047 Thread 0x0000020373d09fe0 Uncommon trap: trap_request=0xffffff76 fr.pc=0x00000203635a9b84 relative=0x00000000000001c4
Event: 301.047 Thread 0x0000020373d09fe0 Uncommon trap: reason=predicate action=maybe_recompile pc=0x00000203635a9b84 method=com.google.common.base.CharMatcher.indexIn(Ljava/lang/CharSequence;I)I @ 19 c2
Event: 301.047 Thread 0x0000020373d09fe0 DEOPT PACKING pc=0x00000203635a9b84 sp=0x000000b3716faf50
Event: 301.047 Thread 0x0000020373d09fe0 DEOPT UNPACKING pc=0x0000020362e94422 sp=0x000000b3716faee0 mode 2
Event: 330.584 Thread 0x0000020373d09fe0 Uncommon trap: trap_request=0xffffffde fr.pc=0x00000203633ebbc8 relative=0x00000000000001a8
Event: 330.584 Thread 0x0000020373d09fe0 Uncommon trap: reason=class_check action=maybe_recompile pc=0x00000203633ebbc8 method=java.lang.String.equals(Ljava/lang/Object;)Z @ 8 c2
Event: 330.584 Thread 0x0000020373d09fe0 DEOPT PACKING pc=0x00000203633ebbc8 sp=0x000000b3716f9cf0
Event: 330.584 Thread 0x0000020373d09fe0 DEOPT UNPACKING pc=0x0000020362e94422 sp=0x000000b3716f9c88 mode 2
Event: 336.291 Thread 0x0000020373d09fe0 Uncommon trap: trap_request=0xffffffbe fr.pc=0x00000203635d8e70 relative=0x0000000000001010
Event: 336.291 Thread 0x0000020373d09fe0 Uncommon trap: reason=profile_predicate action=maybe_recompile pc=0x00000203635d8e70 method=java.lang.invoke.InvokerBytecodeGenerator.<init>(Ljava/lang/String;Ljava/lang/String;Ljava/lang/invoke/LambdaForm;Ljava/lang/invoke/MethodType;)V @ 33 c2
Event: 336.291 Thread 0x0000020373d09fe0 DEOPT PACKING pc=0x00000203635d8e70 sp=0x000000b3716f9470
Event: 336.291 Thread 0x0000020373d09fe0 DEOPT UNPACKING pc=0x0000020362e94422 sp=0x000000b3716f9420 mode 2
Event: 336.296 Thread 0x0000020373d09fe0 Uncommon trap: trap_request=0xffffffbe fr.pc=0x00000203635d8e70 relative=0x0000000000001010
Event: 336.296 Thread 0x0000020373d09fe0 Uncommon trap: reason=profile_predicate action=maybe_recompile pc=0x00000203635d8e70 method=java.lang.invoke.InvokerBytecodeGenerator.<init>(Ljava/lang/String;Ljava/lang/String;Ljava/lang/invoke/LambdaForm;Ljava/lang/invoke/MethodType;)V @ 33 c2
Event: 336.296 Thread 0x0000020373d09fe0 DEOPT PACKING pc=0x00000203635d8e70 sp=0x000000b3716f9bb0
Event: 336.296 Thread 0x0000020373d09fe0 DEOPT UNPACKING pc=0x0000020362e94422 sp=0x000000b3716f9b60 mode 2

Classes loaded (20 events):
Event: 274.161 Loading class sun/management/RuntimeImpl
Event: 274.161 Loading class sun/management/RuntimeImpl done
Event: 278.178 Loading class java/util/zip/GZIPInputStream
Event: 278.179 Loading class java/util/zip/GZIPInputStream done
Event: 278.179 Loading class java/util/zip/GZIPOutputStream
Event: 278.179 Loading class java/util/zip/DeflaterOutputStream
Event: 278.179 Loading class java/util/zip/DeflaterOutputStream done
Event: 278.179 Loading class java/util/zip/GZIPOutputStream done
Event: 278.181 Loading class java/io/UnsupportedEncodingException
Event: 278.181 Loading class java/io/UnsupportedEncodingException done
Event: 301.029 Loading class java/util/concurrent/TimeoutException
Event: 301.029 Loading class java/util/concurrent/TimeoutException done
Event: 301.029 Loading class java/util/concurrent/CancellationException
Event: 301.029 Loading class java/util/concurrent/CancellationException done
Event: 302.858 Loading class java/util/concurrent/locks/AbstractQueuedSynchronizer$SharedNode
Event: 302.858 Loading class java/util/concurrent/locks/AbstractQueuedSynchronizer$SharedNode done
Event: 303.676 Loading class java/util/ArrayDeque$DeqSpliterator
Event: 303.676 Loading class java/util/ArrayDeque$DeqSpliterator done
Event: 325.399 Loading class java/lang/invoke/SerializedLambda
Event: 325.399 Loading class java/lang/invoke/SerializedLambda done

Classes unloaded (0 events):
No events

Classes redefined (0 events):
No events

Internal exceptions (20 events):
Event: 286.572 Thread 0x0000020373d09fe0 Exception <a 'java/lang/NoSuchMethodError'{0x00000000ee7c4e18}: 'java.lang.Object java.lang.invoke.DirectMethodHandle$Holder.invokeSpecial(java.lang.Object, java.lang.Object, java.lang.Object, java.lang.Object, java.lang.Object, java.lang.Object, java.lang.Object, java.lang.Object, java.lang.Object, java.lang.Object, java.lang.Object, java.lang.Object, java.lang.Object, java.lang.Object, java.lang.Object, java.lang.Object, java.lang.Object, java.lang.Object, java.lang.Object, java.lang.Object, java.lang.Ob
Event: 286.572 Thread 0x0000020373d09fe0 Exception <a 'java/lang/NoSuchMethodError'{0x00000000ee7ca798}: 'java.lang.Object java.lang.invoke.Invokers$Holder.invoker(java.lang.Object, java.lang.Object, java.lang.Object, java.lang.Object, java.lang.Object, java.lang.Object, java.lang.Object, java.lang.Object, java.lang.Object, java.lang.Object, java.lang.Object, java.lang.Object, java.lang.Object, java.lang.Object, java.lang.Object, java.lang.Object, java.lang.Object, java.lang.Object, java.lang.Object, java.lang.Object, java.lang.Object, java.lang.
Event: 286.573 Thread 0x0000020373d09fe0 Exception <a 'java/lang/NoSuchMethodError'{0x00000000ee7d0b18}: 'java.lang.Object java.lang.invoke.DelegatingMethodHandle$Holder.delegate(java.lang.Object, java.lang.Object, java.lang.Object, java.lang.Object, java.lang.Object, java.lang.Object, java.lang.Object, java.lang.Object, java.lang.Object, java.lang.Object, java.lang.Object, java.lang.Object, java.lang.Object, java.lang.Object, java.lang.Object, java.lang.Object, java.lang.Object, java.lang.Object, java.lang.Object, java.lang.Object, java.lang.Obj
Event: 290.796 Thread 0x0000020373d09fe0 Exception <a 'java/lang/IncompatibleClassChangeError'{0x00000000ee2220d8}: Found class java.lang.Object, but interface was expected> (0x00000000ee2220d8) 
thrown [s\src\hotspot\share\interpreter\linkResolver.cpp, line 840]
Event: 291.749 Thread 0x0000020373d09fe0 Exception <a 'java/lang/NoSuchMethodError'{0x00000000ee2d37a8}: 'java.lang.Object java.lang.invoke.DirectMethodHandle$Holder.invokeVirtual(java.lang.Object, java.lang.Object, java.lang.Object, java.lang.Object, java.lang.Object, java.lang.Object, java.lang.Object, java.lang.Object, java.lang.Object, java.lang.Object, java.lang.Object, java.lang.Object, java.lang.Object)'> (0x00000000ee2d37a8) 
thrown [s\src\hotspot\share\interpreter\linkResolver.cpp, line 773]
Event: 291.751 Thread 0x0000020373d09fe0 Exception <a 'java/lang/NoSuchMethodError'{0x00000000ee2d89e0}: 'java.lang.Object java.lang.invoke.DirectMethodHandle$Holder.invokeSpecial(java.lang.Object, java.lang.Object, java.lang.Object, java.lang.Object, java.lang.Object, java.lang.Object, java.lang.Object, java.lang.Object, java.lang.Object, java.lang.Object, java.lang.Object, java.lang.Object, java.lang.Object, java.lang.Object)'> (0x00000000ee2d89e0) 
thrown [s\src\hotspot\share\interpreter\linkResolver.cpp, line 773]
Event: 291.751 Thread 0x0000020373d09fe0 Exception <a 'java/lang/NoSuchMethodError'{0x00000000ee2dd480}: 'java.lang.Object java.lang.invoke.DelegatingMethodHandle$Holder.reinvoke_L(java.lang.Object, java.lang.Object, java.lang.Object, java.lang.Object, java.lang.Object, java.lang.Object, java.lang.Object, java.lang.Object, java.lang.Object, java.lang.Object, java.lang.Object, java.lang.Object, java.lang.Object)'> (0x00000000ee2dd480) 
thrown [s\src\hotspot\share\interpreter\linkResolver.cpp, line 773]
Event: 293.468 Thread 0x0000020373d09fe0 Exception <a 'java/lang/NoSuchMethodError'{0x00000000ee0444b0}: 'void java.lang.invoke.DirectMethodHandle$Holder.invokeStaticInit(java.lang.Object, java.lang.Object)'> (0x00000000ee0444b0) 
thrown [s\src\hotspot\share\interpreter\linkResolver.cpp, line 773]
Event: 295.184 Thread 0x0000020373d09fe0 Exception <a 'java/lang/NoSuchMethodError'{0x00000000edcce478}: 'java.lang.Object java.lang.invoke.DirectMethodHandle$Holder.newInvokeSpecial(java.lang.Object, java.lang.Object, java.lang.Object, java.lang.Object, java.lang.Object, java.lang.Object, java.lang.Object, java.lang.Object, java.lang.Object, java.lang.Object, java.lang.Object, java.lang.Object, java.lang.Object, java.lang.Object, java.lang.Object)'> (0x00000000edcce478) 
thrown [s\src\hotspot\share\interpreter\linkResolver.cpp, line 773]
Event: 295.185 Thread 0x0000020373d09fe0 Exception <a 'java/lang/NoSuchMethodError'{0x00000000edcd40b8}: 'java.lang.Object java.lang.invoke.DirectMethodHandle$Holder.invokeSpecial(java.lang.Object, java.lang.Object, java.lang.Object, java.lang.Object, java.lang.Object, java.lang.Object, java.lang.Object, java.lang.Object, java.lang.Object, java.lang.Object, java.lang.Object, java.lang.Object, java.lang.Object, java.lang.Object, java.lang.Object, java.lang.Object)'> (0x00000000edcd40b8) 
thrown [s\src\hotspot\share\interpreter\linkResolver.cpp, li
Event: 295.186 Thread 0x0000020373d09fe0 Exception <a 'java/lang/NoSuchMethodError'{0x00000000edcd8e48}: 'java.lang.Object java.lang.invoke.DelegatingMethodHandle$Holder.reinvoke_L(java.lang.Object, java.lang.Object, java.lang.Object, java.lang.Object, java.lang.Object, java.lang.Object, java.lang.Object, java.lang.Object, java.lang.Object, java.lang.Object, java.lang.Object, java.lang.Object, java.lang.Object, java.lang.Object, java.lang.Object)'> (0x00000000edcd8e48) 
thrown [s\src\hotspot\share\interpreter\linkResolver.cpp, line 773]
Event: 300.099 Thread 0x0000020373d09fe0 Exception <a 'java/lang/IncompatibleClassChangeError'{0x00000000ed802910}: Found class java.lang.Object, but interface was expected> (0x00000000ed802910) 
thrown [s\src\hotspot\share\interpreter\linkResolver.cpp, line 840]
Event: 303.661 Thread 0x0000020373d09fe0 Exception <a 'java/lang/NoSuchMethodError'{0x00000000ed6670b8}: 'int java.lang.invoke.DirectMethodHandle$Holder.invokeVirtual(java.lang.Object, java.lang.Object)'> (0x00000000ed6670b8) 
thrown [s\src\hotspot\share\interpreter\linkResolver.cpp, line 773]
Event: 308.630 Thread 0x0000020373d09fe0 Exception <a 'java/lang/NoSuchMethodError'{0x00000000ed3704e8}: 'void java.lang.invoke.DirectMethodHandle$Holder.invokeInterface(java.lang.Object, java.lang.Object, java.lang.Object, java.lang.Object, java.lang.Object)'> (0x00000000ed3704e8) 
thrown [s\src\hotspot\share\interpreter\linkResolver.cpp, line 773]
Event: 325.420 Thread 0x0000020373d09fe0 Exception <a 'java/lang/NoSuchMethodError'{0x00000000eca1aa08}: 'java.lang.Object java.lang.invoke.DirectMethodHandle$Holder.invokeVirtual(java.lang.Object, java.lang.Object, java.lang.Object, java.lang.Object, java.lang.Object, java.lang.Object, java.lang.Object, java.lang.Object, java.lang.Object, java.lang.Object, java.lang.Object, java.lang.Object, java.lang.Object, java.lang.Object, java.lang.Object)'> (0x00000000eca1aa08) 
thrown [s\src\hotspot\share\interpreter\linkResolver.cpp, line 773]
Event: 330.585 Thread 0x0000020373d09fe0 Exception <a 'java/lang/NoSuchMethodError'{0x00000000ec723fa8}: 'java.lang.Object java.lang.invoke.DirectMethodHandle$Holder.newInvokeSpecial(java.lang.Object, java.lang.Object, java.lang.Object, java.lang.Object, java.lang.Object, java.lang.Object, java.lang.Object, java.lang.Object, java.lang.Object, java.lang.Object, java.lang.Object, java.lang.Object)'> (0x00000000ec723fa8) 
thrown [s\src\hotspot\share\interpreter\linkResolver.cpp, line 773]
Event: 332.097 Thread 0x0000020373d09fe0 Exception <a 'java/lang/NoSuchMethodError'{0x00000000ec66f270}: 'java.lang.Object java.lang.invoke.DirectMethodHandle$Holder.invokeSpecialIFC(java.lang.Object, java.lang.Object, java.lang.Object, java.lang.Object)'> (0x00000000ec66f270) 
thrown [s\src\hotspot\share\interpreter\linkResolver.cpp, line 773]
Event: 335.359 Thread 0x0000020373d09fe0 Exception <a 'java/lang/NoSuchMethodError'{0x00000000ec47da80}: 'java.lang.Object java.lang.invoke.DirectMethodHandle$Holder.invokeVirtual(java.lang.Object, java.lang.Object, java.lang.Object, java.lang.Object, java.lang.Object, java.lang.Object, java.lang.Object, java.lang.Object, java.lang.Object, java.lang.Object, java.lang.Object, java.lang.Object, java.lang.Object, java.lang.Object, java.lang.Object, java.lang.Object, java.lang.Object, java.lang.Object, java.lang.Object, java.lang.Object, java.lang.Ob
Event: 335.361 Thread 0x0000020373d09fe0 Exception <a 'java/lang/NoSuchMethodError'{0x00000000ec4848a0}: 'java.lang.Object java.lang.invoke.DirectMethodHandle$Holder.invokeSpecial(java.lang.Object, java.lang.Object, java.lang.Object, java.lang.Object, java.lang.Object, java.lang.Object, java.lang.Object, java.lang.Object, java.lang.Object, java.lang.Object, java.lang.Object, java.lang.Object, java.lang.Object, java.lang.Object, java.lang.Object, java.lang.Object, java.lang.Object, java.lang.Object, java.lang.Object, java.lang.Object, java.lang.Ob
Event: 335.362 Thread 0x0000020373d09fe0 Exception <a 'java/lang/NoSuchMethodError'{0x00000000ec48aac8}: 'java.lang.Object java.lang.invoke.DelegatingMethodHandle$Holder.reinvoke_L(java.lang.Object, java.lang.Object, java.lang.Object, java.lang.Object, java.lang.Object, java.lang.Object, java.lang.Object, java.lang.Object, java.lang.Object, java.lang.Object, java.lang.Object, java.lang.Object, java.lang.Object, java.lang.Object, java.lang.Object, java.lang.Object, java.lang.Object, java.lang.Object, java.lang.Object, java.lang.Object, java.lang.O

ZGC Phase Switch (0 events):
No events

VM Operations (20 events):
Event: 319.831 Executing safepoint VM operation: Cleanup
Event: 319.847 Executing safepoint VM operation: Cleanup done
Event: 320.861 Executing safepoint VM operation: Cleanup
Event: 321.400 Executing safepoint VM operation: Cleanup done
Event: 322.411 Executing safepoint VM operation: Cleanup
Event: 322.936 Executing safepoint VM operation: Cleanup done
Event: 323.949 Executing safepoint VM operation: Cleanup
Event: 324.266 Executing safepoint VM operation: Cleanup done
Event: 325.275 Executing safepoint VM operation: Cleanup
Event: 325.355 Executing safepoint VM operation: Cleanup done
Event: 326.356 Executing safepoint VM operation: Cleanup
Event: 327.122 Executing safepoint VM operation: Cleanup done
Event: 327.171 Executing non-safepoint VM operation: HandshakeAllThreads (Deoptimize)
Event: 327.171 Executing non-safepoint VM operation: HandshakeAllThreads (Deoptimize) done
Event: 328.187 Executing safepoint VM operation: Cleanup
Event: 328.536 Executing safepoint VM operation: Cleanup done
Event: 329.548 Executing safepoint VM operation: Cleanup
Event: 329.815 Executing safepoint VM operation: Cleanup done
Event: 335.859 Executing safepoint VM operation: Cleanup
Event: 336.178 Executing safepoint VM operation: Cleanup done

Memory protections (0 events):
No events

Nmethod flushes (0 events):
No events

Events (20 events):
Event: 146.297 Thread 0x0000020356510ee0 Thread added: 0x00000203734bc220
Event: 154.450 Thread 0x000002037252d900 Thread added: 0x0000020373e64460
Event: 155.312 Thread 0x0000020373e64460 Thread added: 0x0000020373e638d0
Event: 156.227 Thread 0x0000020373e64460 Thread added: 0x000002037392d280
Event: 161.441 Thread 0x0000020373e64460 Thread added: 0x0000020373d09fe0
Event: 162.851 Thread 0x0000020373d09fe0 Thread added: 0x0000020373adf720
Event: 163.778 Thread 0x0000020373d09fe0 Thread added: 0x0000020373ade370
Event: 165.861 Thread 0x0000020373d09fe0 Thread added: 0x0000020373addce0
Event: 200.418 Thread 0x0000020373d09fe0 Thread added: 0x0000020373adea00
Event: 200.437 Thread 0x0000020373d09fe0 Thread added: 0x0000020373adcfc0
Event: 203.339 Thread 0x0000020373adcfc0 Thread added: 0x0000020373adf090
Event: 212.172 Thread 0x0000020373d09fe0 Thread added: 0x0000020373adfdb0
Event: 278.447 Thread 0x0000020373adf090 Thread exited: 0x0000020373adf090
Event: 279.710 Thread 0x0000020373d09fe0 Thread added: 0x0000020373adf090
Event: 284.643 Thread 0x0000020373adcfc0 Thread added: 0x0000020375992940
Event: 285.668 Thread 0x0000020373d09fe0 Thread added: 0x00000203759901e0
Event: 302.858 Thread 0x0000020373d09fe0 Thread added: 0x000002037598f4c0
Event: 303.650 Thread 0x0000020373d09fe0 Thread added: 0x00000203759922b0
Event: 323.439 Thread 0x0000020373d09fe0 Thread added: 0x0000020375994380
Event: 330.617 Thread 0x0000020373d09fe0 Thread added: 0x0000020375990870


Dynamic libraries:
0x00007ff693400000 - 0x00007ff69340e000 	C:\Users\USUARIO\.antigravity-ide\extensions\redhat.java-1.56.0-win32-x64\jre\21.0.12.1-win32-x86_64\bin\java.exe
0x00007ffb2b990000 - 0x00007ffb2bb88000 	C:\Windows\SYSTEM32\ntdll.dll
0x00007ffb2b820000 - 0x00007ffb2b8dd000 	C:\Windows\System32\KERNEL32.DLL
0x00007ffb29130000 - 0x00007ffb29426000 	C:\Windows\System32\KERNELBASE.dll
0x00007ffb29840000 - 0x00007ffb29940000 	C:\Windows\System32\ucrtbase.dll
0x00007ffb20ab0000 - 0x00007ffb20ac8000 	C:\Users\USUARIO\.antigravity-ide\extensions\redhat.java-1.56.0-win32-x64\jre\21.0.12.1-win32-x86_64\bin\jli.dll
0x00007ffb2a540000 - 0x00007ffb2a6de000 	C:\Windows\System32\USER32.dll
0x00007ffb296b0000 - 0x00007ffb296d2000 	C:\Windows\System32\win32u.dll
0x00007ffb2a700000 - 0x00007ffb2a72c000 	C:\Windows\System32\GDI32.dll
0x00007ffb294a0000 - 0x00007ffb295ba000 	C:\Windows\System32\gdi32full.dll
0x00007ffb295c0000 - 0x00007ffb2965d000 	C:\Windows\System32\msvcp_win.dll
0x00007ffb20a90000 - 0x00007ffb20aae000 	C:\Users\USUARIO\.antigravity-ide\extensions\redhat.java-1.56.0-win32-x64\jre\21.0.12.1-win32-x86_64\bin\VCRUNTIME140.dll
0x00007ffb17a00000 - 0x00007ffb17c9a000 	C:\Windows\WinSxS\amd64_microsoft.windows.common-controls_6595b64144ccf1df_6.0.19041.3636_none_60b6a03d71f818d5\COMCTL32.dll
0x00007ffb2b570000 - 0x00007ffb2b60e000 	C:\Windows\System32\msvcrt.dll
0x00007ffb2ac30000 - 0x00007ffb2ac60000 	C:\Windows\System32\IMM32.DLL
0x00007ffb24a50000 - 0x00007ffb24a5c000 	C:\Users\USUARIO\.antigravity-ide\extensions\redhat.java-1.56.0-win32-x64\jre\21.0.12.1-win32-x86_64\bin\vcruntime140_1.dll
0x00007ffae0590000 - 0x00007ffae061d000 	C:\Users\USUARIO\.antigravity-ide\extensions\redhat.java-1.56.0-win32-x64\jre\21.0.12.1-win32-x86_64\bin\msvcp140.dll
0x00007ffaa80e0000 - 0x00007ffaa8e82000 	C:\Users\USUARIO\.antigravity-ide\extensions\redhat.java-1.56.0-win32-x64\jre\21.0.12.1-win32-x86_64\bin\server\jvm.dll
0x00007ffb2b410000 - 0x00007ffb2b4bf000 	C:\Windows\System32\ADVAPI32.dll
0x00007ffb2ac60000 - 0x00007ffb2acfc000 	C:\Windows\System32\sechost.dll
0x00007ffb2b280000 - 0x00007ffb2b3a6000 	C:\Windows\System32\RPCRT4.dll
0x00007ffb2b210000 - 0x00007ffb2b27b000 	C:\Windows\System32\WS2_32.dll
0x00007ffb28ed0000 - 0x00007ffb28f1b000 	C:\Windows\SYSTEM32\POWRPROF.dll
0x00007ffb17760000 - 0x00007ffb17787000 	C:\Windows\SYSTEM32\WINMM.dll
0x00007ffb18b50000 - 0x00007ffb18b5a000 	C:\Windows\SYSTEM32\VERSION.dll
0x00007ffb28eb0000 - 0x00007ffb28ec2000 	C:\Windows\SYSTEM32\UMPDC.dll
0x00007ffb26ef0000 - 0x00007ffb26f02000 	C:\Windows\SYSTEM32\kernel.appcore.dll
0x00007ffb22c80000 - 0x00007ffb22c8a000 	C:\Users\USUARIO\.antigravity-ide\extensions\redhat.java-1.56.0-win32-x64\jre\21.0.12.1-win32-x86_64\bin\jimage.dll
0x00007ffb177f0000 - 0x00007ffb179d4000 	C:\Windows\SYSTEM32\DBGHELP.DLL
0x00007ffb11390000 - 0x00007ffb113c4000 	C:\Windows\SYSTEM32\dbgcore.DLL
0x00007ffb29070000 - 0x00007ffb290f2000 	C:\Windows\System32\bcryptPrimitives.dll
0x00007ffb20fd0000 - 0x00007ffb20fdf000 	C:\Users\USUARIO\.antigravity-ide\extensions\redhat.java-1.56.0-win32-x64\jre\21.0.12.1-win32-x86_64\bin\instrument.dll
0x00007ffb22bf0000 - 0x00007ffb22c10000 	C:\Users\USUARIO\.antigravity-ide\extensions\redhat.java-1.56.0-win32-x64\jre\21.0.12.1-win32-x86_64\bin\java.dll
0x00007ffb29cd0000 - 0x00007ffb2a415000 	C:\Windows\System32\SHELL32.dll
0x00007ffb270f0000 - 0x00007ffb2788b000 	C:\Windows\SYSTEM32\windows.storage.dll
0x00007ffb2ae30000 - 0x00007ffb2b184000 	C:\Windows\System32\combase.dll
0x00007ffb289e0000 - 0x00007ffb28a0d000 	C:\Windows\SYSTEM32\Wldp.dll
0x00007ffb2a420000 - 0x00007ffb2a4cd000 	C:\Windows\System32\SHCORE.dll
0x00007ffb2b610000 - 0x00007ffb2b665000 	C:\Windows\System32\shlwapi.dll
0x00007ffb28fa0000 - 0x00007ffb28fc5000 	C:\Windows\SYSTEM32\profapi.dll
0x00007ffb22bd0000 - 0x00007ffb22be8000 	C:\Users\USUARIO\.antigravity-ide\extensions\redhat.java-1.56.0-win32-x64\jre\21.0.12.1-win32-x86_64\bin\zip.dll
0x00007ffb22bc0000 - 0x00007ffb22bd0000 	C:\Users\USUARIO\.antigravity-ide\extensions\redhat.java-1.56.0-win32-x64\jre\21.0.12.1-win32-x86_64\bin\net.dll
0x00007ffb1d650000 - 0x00007ffb1d75a000 	C:\Windows\SYSTEM32\WINHTTP.dll
0x00007ffb28740000 - 0x00007ffb287aa000 	C:\Windows\system32\mswsock.dll
0x00007ffb22ba0000 - 0x00007ffb22bb6000 	C:\Users\USUARIO\.antigravity-ide\extensions\redhat.java-1.56.0-win32-x64\jre\21.0.12.1-win32-x86_64\bin\nio.dll
0x00007ffb22b90000 - 0x00007ffb22ba0000 	C:\Users\USUARIO\.antigravity-ide\extensions\redhat.java-1.56.0-win32-x64\jre\21.0.12.1-win32-x86_64\bin\verify.dll
0x00007ffb14290000 - 0x00007ffb142b7000 	C:\Users\USUARIO\.gradle\native\660c5614fbf4a5f2a75b1949f50a0caf5cd603558e7d8a26e50b933a0cfb79d1\windows-amd64\native-platform.dll
0x00007ffaf0710000 - 0x00007ffaf0787000 	C:\Users\USUARIO\.gradle\native\0.2.8\x86_64-windows-gnu\gradle-fileevents.dll
0x00007ffb22b00000 - 0x00007ffb22b0a000 	C:\Users\USUARIO\.antigravity-ide\extensions\redhat.java-1.56.0-win32-x64\jre\21.0.12.1-win32-x86_64\bin\management.dll
0x00007ffb22a60000 - 0x00007ffb22a6c000 	C:\Users\USUARIO\.antigravity-ide\extensions\redhat.java-1.56.0-win32-x64\jre\21.0.12.1-win32-x86_64\bin\management_ext.dll
0x00007ffb2b940000 - 0x00007ffb2b948000 	C:\Windows\System32\PSAPI.DLL
0x00007ffb28410000 - 0x00007ffb2844b000 	C:\Windows\SYSTEM32\IPHLPAPI.DLL
0x00007ffb2a530000 - 0x00007ffb2a538000 	C:\Windows\System32\NSI.dll
0x00007ffb20b80000 - 0x00007ffb20b89000 	C:\Users\USUARIO\.antigravity-ide\extensions\redhat.java-1.56.0-win32-x64\jre\21.0.12.1-win32-x86_64\bin\extnet.dll
0x00007ffb28930000 - 0x00007ffb28948000 	C:\Windows\SYSTEM32\CRYPTSP.dll
0x00007ffb28030000 - 0x00007ffb28064000 	C:\Windows\system32\rsaenh.dll
0x00007ffb29100000 - 0x00007ffb29127000 	C:\Windows\System32\bcrypt.dll
0x00007ffb28f60000 - 0x00007ffb28f8e000 	C:\Windows\SYSTEM32\USERENV.dll
0x00007ffb28950000 - 0x00007ffb2895c000 	C:\Windows\SYSTEM32\CRYPTBASE.dll
0x00007ffb229a0000 - 0x00007ffb229ae000 	C:\Users\USUARIO\.antigravity-ide\extensions\redhat.java-1.56.0-win32-x64\jre\21.0.12.1-win32-x86_64\bin\sunmscapi.dll
0x00007ffb296e0000 - 0x00007ffb2983d000 	C:\Windows\System32\CRYPT32.dll
0x00007ffb28a50000 - 0x00007ffb28a77000 	C:\Windows\SYSTEM32\ncrypt.dll
0x00007ffb28a10000 - 0x00007ffb28a4b000 	C:\Windows\SYSTEM32\NTASN1.dll
0x00007ffb1d3d0000 - 0x00007ffb1d3d7000 	C:\Windows\system32\wshunix.dll

JVMTI agents:
C:\Users\USUARIO\.gradle\wrapper\dists\gradle-9.7.1-bin\1w1c7tv4s851m17nbqdsro2tv\gradle-9.7.1\lib\agents\gradle-instrumentation-agent-9.7.1.jar path:C:\Users\USUARIO\.antigravity-ide\extensions\redhat.java-1.56.0-win32-x64\jre\21.0.12.1-win32-x86_64\bin\instrument.dll, loaded, initialized, instrumentlib options:none

dbghelp: loaded successfully - version: 4.0.5 - missing functions: none
symbol engine: initialized successfully - sym options: 0x614 - pdb path: .;C:\Users\USUARIO\.antigravity-ide\extensions\redhat.java-1.56.0-win32-x64\jre\21.0.12.1-win32-x86_64\bin;C:\Windows\SYSTEM32;C:\Windows\WinSxS\amd64_microsoft.windows.common-controls_6595b64144ccf1df_6.0.19041.3636_none_60b6a03d71f818d5;C:\Users\USUARIO\.antigravity-ide\extensions\redhat.java-1.56.0-win32-x64\jre\21.0.12.1-win32-x86_64\bin\server;C:\Users\USUARIO\.gradle\native\660c5614fbf4a5f2a75b1949f50a0caf5cd603558e7d8a26e50b933a0cfb79d1\windows-amd64;C:\Users\USUARIO\.gradle\native\0.2.8\x86_64-windows-gnu

VM Arguments:
jvm_args: --add-opens=java.base/java.lang=ALL-UNNAMED --add-opens=java.base/java.lang.invoke=ALL-UNNAMED --add-opens=java.base/java.util=ALL-UNNAMED --add-opens=java.prefs/java.util.prefs=ALL-UNNAMED --add-exports=jdk.compiler/com.sun.tools.javac.api=ALL-UNNAMED --add-exports=jdk.compiler/com.sun.tools.javac.util=ALL-UNNAMED --add-opens=java.base/java.nio.charset=ALL-UNNAMED --add-opens=java.base/java.net=ALL-UNNAMED --add-opens=java.base/java.util.concurrent=ALL-UNNAMED --add-opens=java.base/java.util.concurrent.atomic=ALL-UNNAMED --add-opens=java.xml/javax.xml.namespace=ALL-UNNAMED --add-opens=java.base/java.time=ALL-UNNAMED -XX:MaxMetaspaceSize=384m -XX:+HeapDumpOnOutOfMemoryError -Xms256m -Xmx512m -Dfile.encoding=UTF-8 -Duser.country=CO -Duser.language=es -Duser.variant -javaagent:C:\Users\USUARIO\.gradle\wrapper\dists\gradle-9.7.1-bin\1w1c7tv4s851m17nbqdsro2tv\gradle-9.7.1\lib\agents\gradle-instrumentation-agent-9.7.1.jar 
java_command: org.gradle.launcher.daemon.bootstrap.GradleDaemon 9.7.1
java_class_path (initial): C:\Users\USUARIO\.gradle\wrapper\dists\gradle-9.7.1-bin\1w1c7tv4s851m17nbqdsro2tv\gradle-9.7.1\lib\gradle-daemon-main-9.7.1.jar
Launcher Type: SUN_STANDARD

[Global flags]
     intx CICompilerCount                          = 3                                         {product} {ergonomic}
   size_t CompressedClassSpaceSize                 = 335544320                                 {product} {ergonomic}
     uint ConcGCThreads                            = 1                                         {product} {ergonomic}
     uint G1ConcRefinementThreads                  = 4                                         {product} {ergonomic}
   size_t G1HeapRegionSize                         = 1048576                                   {product} {ergonomic}
    uintx GCDrainStackTargetSize                   = 64                                        {product} {ergonomic}
     bool HeapDumpOnOutOfMemoryError               = true                                   {manageable} {command line}
   size_t InitialHeapSize                          = 268435456                                 {product} {command line}
   size_t MarkStackSize                            = 4194304                                   {product} {ergonomic}
   size_t MaxHeapSize                              = 536870912                                 {product} {command line}
   size_t MaxMetaspaceSize                         = 402653184                                 {product} {command line}
   size_t MaxNewSize                               = 321912832                                 {product} {ergonomic}
   size_t MinHeapDeltaBytes                        = 1048576                                   {product} {ergonomic}
   size_t MinHeapSize                              = 268435456                                 {product} {command line}
    uintx NonNMethodCodeHeapSize                   = 5832780                                {pd product} {ergonomic}
    uintx NonProfiledCodeHeapSize                  = 122912730                              {pd product} {ergonomic}
    uintx ProfiledCodeHeapSize                     = 122912730                              {pd product} {ergonomic}
    uintx ReservedCodeCacheSize                    = 251658240                              {pd product} {ergonomic}
     bool SegmentedCodeCache                       = true                                      {product} {ergonomic}
   size_t SoftMaxHeapSize                          = 536870912                              {manageable} {ergonomic}
     bool UseCompressedOops                        = true                           {product lp64_product} {ergonomic}
     bool UseG1GC                                  = true                                      {product} {ergonomic}
     bool UseLargePagesIndividualAllocation        = false                                  {pd product} {ergonomic}

Logging:
Log output configuration:
 #0: stdout all=warning uptime,level,tags foldmultilines=false
 #1: stderr all=off uptime,level,tags foldmultilines=false

Release file:
JAVA_VERSION="21.0.12.1" 
MODULES="java.base java.compiler java.datatransfer java.xml java.prefs java.desktop java.instrument java.logging java.management java.security.sasl java.naming java.rmi java.management.rmi java.net.http java.scripting java.security.jgss java.transaction.xa java.sql java.sql.rowset java.xml.crypto java.se java.smartcardio jdk.accessibility jdk.internal.jvmstat jdk.attach jdk.charsets jdk.internal.opt jdk.zipfs jdk.compiler jdk.crypto.ec jdk.crypto.cryptoki jdk.crypto.mscapi jdk.dynalink jdk.internal.ed jdk.editpad jdk.hotspot.agent jdk.httpserver jdk.internal.le jdk.internal.vm.ci jdk.internal.vm.compiler jdk.internal.vm.compiler.management jdk.jartool jdk.javadoc jdk.jcmd jdk.management jdk.management.agent jdk.jconsole jdk.jdeps jdk.jdwp.agent jdk.jdi jdk.jfr jdk.jshell jdk.jsobject jdk.jstatd jdk.localedata jdk.management.jfr jdk.naming.dns jdk.naming.rmi jdk.net jdk.nio.mapmode jdk.random jdk.sctp jdk.security.auth jdk.security.jgss jdk.unsupported jdk.unsupported.desktop jdk.xml.dom" 

Environment Variables:
PATH=C:\Program Files\Common Files\Oracle\Java\javapath;C:\Windows\system32;C:\Windows;C:\Windows\System32\Wbem;C:\Windows\System32\WindowsPowerShell\v1.0\;C:\Windows\System32\OpenSSH\;C:\Program Files\Git\cmd;C:\Program Files\Docker\Docker\resources\bin;C:\Program Files\cursor\resources\app\bin;C:\Users\USUARIO\AppData\Local\Microsoft\WindowsApps;C:\Users\USUARIO\AppData\Local\Programs\Microsoft VS Code\bin;C:\Program Files\JetBrains\IntelliJ IDEA 2025.3.3\bin;C:\ProgramData\USUARIO\GitHubDesktop\bin;C:\Users\USUARIO\AppData\Local\GitHubDesktop\bin;C:\Users\USUARIO\AppData\Local\Programs\Antigravity IDE\bin
USERNAME=USUARIO
OS=Windows_NT
PROCESSOR_IDENTIFIER=Intel64 Family 6 Model 61 Stepping 4, GenuineIntel
TMP=C:\Users\USUARIO\AppData\Local\Temp
TEMP=C:\Users\USUARIO\AppData\Local\Temp




Periodic native trim disabled

---------------  S Y S T E M  ---------------

OS:
 Windows 10 , 64 bit Build 19041 (10.0.19041.3636)
OS uptime: 2 days 0:33 hours
Hyper-V role detected

CPU: total 4 (initial active 4) (2 cores per cpu, 2 threads per core) family 6 model 61 stepping 4 microcode 0x2d, cx8, cmov, fxsr, ht, mmx, 3dnowpref, sse, sse2, sse3, ssse3, sse4.1, sse4.2, popcnt, lzcnt, tsc, tscinvbit, avx, avx2, aes, erms, clmul, bmi1, bmi2, adx, fma, vzeroupper, clflush, hv, rdtscp, f16c
Processor Information for the first 4 processors :
  Max Mhz: 2000, Current Mhz: 2000, Mhz Limit: 2000

Memory: 4k page, system-wide physical 8107M (255M free)
TotalPageFile size 32683M (AvailPageFile size 52M)
current process WorkingSet (physical memory assigned to process): 118M, peak: 162M
current process commit charge ("private bytes"): 409M, peak: 413M

vm_info: OpenJDK 64-Bit Server VM (21.0.12.1+1-LTS) for windows-amd64 JRE (21.0.12.1+1-LTS), built on 2026-08-18T00:00:00Z by "admin" with MS VC++ 17.12 (VS2022)

END.
